GAMS 28.2.0  r750fa45 Released Aug 19, 2019 WEX-WEI x86 64bit/MS Windows - 06/20/20 12:47:09 Page 1
G e n e r a l   A l g e b r a i c   M o d e l i n g   S y s t e m
C o m p i l a t i o n


   1  Sets
   2      node "node" /a, b, c, d, e/
   3      iter "loop from 1 to infeasible" /1*1000/
   4  ;
   5  alias (node, i, j)
   6  ;
   7  Table c_z(i,j) "coeff with z"
INCLUDE    D:\Onedrive\Documents\GAMSStudio\or_report_1.5_model_A_multinode_trivial\5nodes\or_report.1.5_cost_5e.csv
  10  ,a,b,c,d,e
  11  a,0,50,50,50,50
  12  b,50,0,50,50,50
  13  c,50,50,0,50,50
  14  d,50,50,50,0,50
  15  e,50,50,50,50,0
  17  ;
  18  Table maxflow(i,j) "maxflow of tube"
INCLUDE    D:\Onedrive\Documents\GAMSStudio\or_report_1.5_model_A_multinode_trivial\5nodes\or_report.1.5_maxflow_5e.csv
  21  ,a,b,c,d,e
  22  a,0,100,100,100,100
  23  b,100,0,100,100,100
  24  c,100,100,0,100,100
  25  d,100,100,100,0,100
  26  e,100,100,100,100,0
  28  ;
  29  Table tube_on(i,j) "prevent i to i"
  30          a   b   c   d   e
  31      a   0   1   1   1   1
  32      b   1   0   1   1   1
  33      c   1   1   0   1   1
  34      d   1   1   1   0   1
  35      e   1   1   1   1   0
  36  *using on node_io
  37  ;
  38  Parameters
  39      w_on(node) "1 to a, -1 to e" /a 1, b 0, c 0, d 0, e -1/,
  40   
  41      w_max "max I/O" /400/,
  42      w_miter "max I/O iter to " /1/,
  43   
  44      cost_m1 "from 1 to infeasible",
  45      isfeasible_m1 "record feasible state",
  46      remain_m1 "as title",
  47      remainrate_m1 "as title",
  48   
  49      cost(iter) "from 1 to infeasible",
  50      isfeasible(iter) "record feasible state",
  51      remain(iter) "as title",
  52      remainrate(iter) "as title"
  53   
  54  ;
  55   
  56  Variable
  57      x(i,j) "tube",
  58      w "I/O",
  59      z "sum to solve"
  60  ;
  61  Positive Variable x
  62  ;
  63  Free Variables z
  64  ;
  65  Equations
  66      cost_z "total fee of exchange",
  67      node_io(i) "I/O of each tube",
  68      tube_max(i,j) "maxflow of each tube",
  69   
  70      w_set "range of w",
  71      w_set_iter "range of w";
  72   
  73      cost_z ..
  74          z =e= 0.001*sum((i,j), c_z(i,j)*x(i,j));
  75      node_io(i) ..
  76          sum(j, tube_on(i,j)*x(i,j)) - sum(j, tube_on(j,i)*x(j,i)) =e= w_on(i)*w;
  77      tube_max(i,j) ..
  78          x(i,j) =l= maxflow(i,j);
  79   
  80      w_set ..
  81          w =e= w_max;
  82      w_set_iter ..
  83          w =e= w_miter;
  84   
  85  Model
  86      demo_1 "once" /cost_z, node_io, tube_max, w_set/
  87      demo_2 "loop" /cost_z, node_io, tube_max, w_set_iter/
  88  *    demo_3 "loop include dismulti opt"
  89  ;
  90   
  91   
GAMS 28.2.0  r750fa45 Released Aug 19, 2019 WEX-WEI x86 64bit/MS Windows - 06/20/20 12:47:09 Page 2
once_ver
C o m p i l a t i o n


  93  Solve demo_1 using LP min z;
  94   
  95  display w_max;
  96   
  97  display demo_1.SolveOpt;
  98   
  99  cost_m1 = demo_1.ObjVal;
 100  isfeasible_m1 = demo_1.ModelStat;
 101  remain_m1 = w_max;
 102  remainrate_m1 = div(remain_m1, (remain_m1 + cost_m1))
 103   
 104  display cost_m1, isfeasible_m1, remain_m1, remainrate_m1;
 105   
      $title loop_ver
      loop (iter,
          display w_miter, 'total currency';
          Solve demo_2 using LP min z;
          
          cost(iter) = demo_2.ObjVal;
          isfeasible(iter) = demo_2.ModelStat;
          remain(iter) = w_miter;
          remainrate(iter) = div(remain(iter), (remain(iter) + cost(iter)));
          
          remain(iter)$(remain(iter) = NA) = 0;
       
          display demo_2.ObjVal, demo_2.ModelStat;
          w_miter = w_miter + 1;
      )
       
      display cost;
      display isfeasible;
      display remain;
      display remainrate;
       
      $title output to gdx
       
      execute_unload 'or_report.1.5_mA_5e.gdx', cost, isfeasible, remain, remainrate;
 132   
      *gdx2csv
      $call gdxdump or_report.1.5_mA_5e.gdx symb=cost CSVSetText format=csv header = "cost(iter)">> or_report.1.5_mA_5e_out_cost.csv
      $call gdxdump or_report.1.5_mA_5e.gdx symb=isfeasible CSVSetText format=csv header = "isfeasible(iter)">> or_report.1.5_mA_5e_out_isfeasible.csv
      $call gdxdump or_report.1.5_mA_5e.gdx symb=remain CSVSetText format=csv header ="remain(iter)">> or_report.1.5_mA_5e_out_remain.csv
      $call gdxdump or_report.1.5_mA_5e.gdx symb=remainrate CSVSetText format=csv header = "remainrate(iter)">> or_report.1.5_mA_5e_out_remainrate.csv
 140   
GAMS 28.2.0  r750fa45 Released Aug 19, 2019 WEX-WEI x86 64bit/MS Windows - 06/20/20 12:47:09 Page 3
once_ver
Include File Summary


   SEQ   GLOBAL TYPE      PARENT   LOCAL  FILENAME

     1        1 INPUT          0       0  D:\Onedrive\Documents\GAMSStudio\or_report_1.5_model_A_multinode_trivial\5nodes\or_report_1.5_5e.gms
     2        9 INCLUDE        1       9  .D:\Onedrive\Documents\GAMSStudio\or_report_1.5_model_A_multinode_trivial\5nodes\or_report.1.5_cost_5e.csv
     3       20 INCLUDE        1      14  .D:\Onedrive\Documents\GAMSStudio\or_report_1.5_model_A_multinode_trivial\5nodes\or_report.1.5_maxflow_5e.csv


COMPILATION TIME     =        0.000 SECONDS      3 MB  28.2.0 r750fa45 WEX-WEI
GAMS 28.2.0  r750fa45 Released Aug 19, 2019 WEX-WEI x86 64bit/MS Windows - 06/20/20 12:47:09 Page 4
once_ver
Equation Listing    SOLVE demo_1 Using LP From line 93


---- cost_z  =E=  total fee of exchange

cost_z..  - 0.05*x(a,b) - 0.05*x(a,c) - 0.05*x(a,d) - 0.05*x(a,e) - 0.05*x(b,a) - 0.05*x(b,c) - 0.05*x(b,d) - 0.05*x(b,e) - 0.05*x(c,a) - 0.05*x(c,b) - 0.05*x(c,d) - 0.05*x(c,e) - 0.05*x(d,a) - 0.05*x(d,b) - 0.05*x(d,c) - 0.05*x(d,e) - 0.05*x(e,a)
     
      - 0.05*x(e,b) - 0.05*x(e,c) - 0.05*x(e,d) + z =E= 0 ; (LHS = 0)
     

---- node_io  =E=  I/O of each tube

node_io(a)..  x(a,b) + x(a,c) + x(a,d) + x(a,e) - x(b,a) - x(c,a) - x(d,a) - x(e,a) - w =E= 0 ; (LHS = 0)
     
node_io(b)..  - x(a,b) + x(b,a) + x(b,c) + x(b,d) + x(b,e) - x(c,b) - x(d,b) - x(e,b) =E= 0 ; (LHS = 0)
     
node_io(c)..  - x(a,c) - x(b,c) + x(c,a) + x(c,b) + x(c,d) + x(c,e) - x(d,c) - x(e,c) =E= 0 ; (LHS = 0)
     
REMAINING 2 ENTRIES SKIPPED


---- tube_max  =L=  maxflow of each tube

tube_max(a,a)..  x(a,a) =L= 0 ; (LHS = 0)
     
tube_max(a,b)..  x(a,b) =L= 100 ; (LHS = 0)
     
tube_max(a,c)..  x(a,c) =L= 100 ; (LHS = 0)
     
REMAINING 22 ENTRIES SKIPPED


---- w_set  =E=  range of w

w_set..  w =E= 400 ; (LHS = 0, INFES = 400 ****)
     
GAMS 28.2.0  r750fa45 Released Aug 19, 2019 WEX-WEI x86 64bit/MS Windows - 06/20/20 12:47:09 Page 5
once_ver
Column Listing      SOLVE demo_1 Using LP From line 93


---- x  tube

x(a,a)
                (.LO, .L, .UP, .M = 0, 0, +INF, 0)
        1       tube_max(a,a)

x(a,b)
                (.LO, .L, .UP, .M = 0, 0, +INF, 0)
       -0.05    cost_z
        1       node_io(a)
       -1       node_io(b)
        1       tube_max(a,b)

x(a,c)
                (.LO, .L, .UP, .M = 0, 0, +INF, 0)
       -0.05    cost_z
        1       node_io(a)
       -1       node_io(c)
        1       tube_max(a,c)

REMAINING 22 ENTRIES SKIPPED

---- w  I/O

w
                (.LO, .L, .UP, .M = -INF, 0, +INF, 0)
       -1       node_io(a)
        1       node_io(e)
        1       w_set


---- z  sum to solve

z
                (.LO, .L, .UP, .M = -INF, 0, +INF, 0)
        1       cost_z

GAMS 28.2.0  r750fa45 Released Aug 19, 2019 WEX-WEI x86 64bit/MS Windows - 06/20/20 12:47:09 Page 6
once_ver
Model Statistics    SOLVE demo_1 Using LP From line 93


MODEL STATISTICS

BLOCKS OF EQUATIONS           4     SINGLE EQUATIONS           32
BLOCKS OF VARIABLES           3     SINGLE VARIABLES           27
NON ZERO ELEMENTS            89


GENERATION TIME      =        0.000 SECONDS      4 MB  28.2.0 r750fa45 WEX-WEI


EXECUTION TIME       =        0.000 SECONDS      4 MB  28.2.0 r750fa45 WEX-WEI
GAMS 28.2.0  r750fa45 Released Aug 19, 2019 WEX-WEI x86 64bit/MS Windows - 06/20/20 12:47:09 Page 7
once_ver
Solution Report     SOLVE demo_1 Using LP From line 93


               S O L V E      S U M M A R Y

     MODEL   demo_1              OBJECTIVE  z
     TYPE    LP                  DIRECTION  MINIMIZE
     SOLVER  CPLEX               FROM LINE  93

**** SOLVER STATUS     1 Normal Completion         
**** MODEL STATUS      1 Optimal                   
**** OBJECTIVE VALUE               35.0000

 RESOURCE USAGE, LIMIT          0.000      1000.000
 ITERATION COUNT, LIMIT         0    2000000000

IBM ILOG CPLEX   28.2.0 r750fa45 Released Aug 19, 2019 WEI x86 64bit/MS Window
Cplex 12.9.0.0

Space for names approximately 0.00 Mb
Use option 'names no' to turn use of names off
LP status(1): optimal
Cplex Time: 0.00sec (det. 0.03 ticks)
Optimal solution found.
Objective :          35.000000


                           LOWER          LEVEL          UPPER         MARGINAL

---- EQU cost_z              .              .              .             1.0000      

  cost_z  total fee of exchange

---- EQU node_io  I/O of each tube

         LOWER          LEVEL          UPPER         MARGINAL

a          .              .              .             0.1000      
b          .              .              .             0.0500      
c          .              .              .             0.0500      
d          .              .              .              .          
e          .              .              .            -0.0500      

---- EQU tube_max  maxflow of each tube

           LOWER          LEVEL          UPPER         MARGINAL

a.a        -INF             .              .              .          
a.b        -INF          100.0000       100.0000          .          
a.c        -INF          100.0000       100.0000         EPS         
a.d        -INF          100.0000       100.0000        -0.0500      
a.e        -INF          100.0000       100.0000        -0.1000      
b.a        -INF             .           100.0000          .          
b.b        -INF             .              .              .          
b.c        -INF             .           100.0000          .          
b.d        -INF             .           100.0000          .          
b.e        -INF          100.0000       100.0000        -0.0500      
c.a        -INF             .           100.0000          .          
c.b        -INF             .           100.0000          .          
c.c        -INF             .              .              .          
c.d        -INF             .           100.0000          .          
c.e        -INF          100.0000       100.0000        -0.0500      
d.a        -INF             .           100.0000          .          
d.b        -INF             .           100.0000          .          
d.c        -INF             .           100.0000          .          
d.d        -INF             .              .              .          
d.e        -INF          100.0000       100.0000          .          
e.a        -INF             .           100.0000          .          
e.b        -INF             .           100.0000          .          
e.c        -INF             .           100.0000          .          
e.d        -INF             .           100.0000          .          
e.e        -INF             .              .              .          

                           LOWER          LEVEL          UPPER         MARGINAL

---- EQU w_set            400.0000       400.0000       400.0000         0.1500      

  w_set  range of w

---- VAR x  tube

           LOWER          LEVEL          UPPER         MARGINAL

a.a          .              .            +INF            EPS         
a.b          .           100.0000        +INF             .          
a.c          .           100.0000        +INF             .          
a.d          .           100.0000        +INF             .          
a.e          .           100.0000        +INF             .          
b.a          .              .            +INF            0.1000      
b.b          .              .            +INF            EPS         
b.c          .              .            +INF            0.0500      
b.d          .              .            +INF             .          
b.e          .           100.0000        +INF             .          
c.a          .              .            +INF            0.1000      
c.b          .              .            +INF            0.0500      
c.c          .              .            +INF            EPS         
c.d          .              .            +INF             .          
c.e          .           100.0000        +INF             .          
d.a          .              .            +INF            0.1500      
d.b          .              .            +INF            0.1000      
d.c          .              .            +INF            0.1000      
d.d          .              .            +INF            EPS         
d.e          .           100.0000        +INF             .          
e.a          .              .            +INF            0.2000      
e.b          .              .            +INF            0.1500      
e.c          .              .            +INF            0.1500      
e.d          .              .            +INF            0.1000      
e.e          .              .            +INF            EPS         

                           LOWER          LEVEL          UPPER         MARGINAL

---- VAR w                 -INF          400.0000        +INF             .          
---- VAR z                 -INF           35.0000        +INF             .          

  w  I/O
  z  sum to solve


**** REPORT SUMMARY :        0     NONOPT
                             0 INFEASIBLE
                             0  UNBOUNDED
GAMS 28.2.0  r750fa45 Released Aug 19, 2019 WEX-WEI x86 64bit/MS Windows - 06/20/20 12:47:09 Page 8
once_ver
E x e c u t i o n


----     95 PARAMETER w_max                =      400.000  max I/O

----     97 MODEL demo_1.SolveOpt          =           NA  once

----    104 PARAMETER cost_m1              =       35.000  from 1 to infeasible
            PARAMETER isfeasible_m1        =        1.000  record feasible state
            PARAMETER remain_m1            =      400.000  as title
            PARAMETER remainrate_m1        =        0.920  as title


EXECUTION TIME       =        0.000 SECONDS      3 MB  28.2.0 r750fa45 WEX-WEI


USER: GAMS Development Corporation, USA              G871201/0000CA-ANY
      Free Demo, +1 202-342-0180, support@gams.com, www.gams.com DC0000


**** FILE SUMMARY

Input      D:\Onedrive\Documents\GAMSStudio\or_report_1.5_model_A_multinode_trivial\5nodes\or_report_1.5_5e.gms
Output     D:\Onedrive\Documents\GAMSStudio\or_report_1.5_model_A_multinode_trivial\5nodes\or_report_1.5_5e.lst
