GAMS 28.2.0  r750fa45 Released Aug 19, 2019 WEX-WEI x86 64bit/MS Windows - 06/23/20 02:14:10 Page 1
G e n e r a l   A l g e b r a i c   M o d e l i n g   S y s t e m
C o m p i l a t i o n


   1  Free variable
   2      Z "objective" ;
   3   
   4  Positive variable
   5      x_ab ,
   6      x_ac ,
   7      x_ad ,
   8      x_ae ,
   9      x_bc ,
  10      x_bd ,
  11      x_be ,
  12      x_cd ,
  13      x_ce ,
  14      x_de ,
  15   
  16      x_ba ,
  17      x_ca ,
  18      x_da ,
  19      x_ea ,
  20      x_cb ,
  21      x_db ,
  22      x_eb ,
  23      x_dc ,
  24      x_ec ,
  25      x_ed ;
  26   
  27  Equation
  28      eq_z "obj " ,
  29      eq_a "a_out" ,
  30      eq_e "e_in" ,
  31      eq_b "b" ,
  32      eq_c "c" ,
  33      eq_d "e" ,
  34   
  35      eq_x__ab ,
  36      eq_x__ac ,
  37      eq_x__ad ,
  38      eq_x__ae ,
  39      eq_x__bc ,
  40      eq_x__bd ,
  41      eq_x__be ,
  42      eq_x__cd ,
  43      eq_x__ce ,
  44      eq_x__de ,
  45   
  46      eq_x__ba ,
  47      eq_x__ca ,
  48      eq_x__da ,
  49      eq_x__ea ,
  50      eq_x__cb ,
  51      eq_x__db ,
  52      eq_x__eb ,
  53      eq_x__dc ,
  54      eq_x__ec ,
  55      eq_x__ed ;
  56   
  57   
  58      eq_z .. Z =e= x_ab + x_ac + x_ad + x_ae + x_bc+ x_bd + x_be + x_cd + x_ce + x_de  +  x_ba + x_ca + x_da + x_ea + x_cb + x_db + x_eb + x_dc + x_ec + x_ed ;
  59      eq_a .. x_ab + x_ac + x_ad + x_ae - x_ba - x_ca - x_da - x_ea =e= 100 ;
  60      eq_e .. x_ea + x_eb + x_ec + x_ed - x_ae - x_be - x_ce - x_de =e= -100 ;
  61      eq_b .. x_ba + x_bc + x_bd + x_be - x_ab - x_cb - x_db - x_eb =e= 0 ;
  62      eq_c .. x_ca + x_cb + x_cd + x_ce - x_ac - x_bc - x_dc - x_ec =e= 0 ;
  63      eq_d .. x_da + x_db + x_dc + x_de - x_ad - x_bd - x_cd - x_ed =e= 0 ;
  64   
  65      eq_x__ab .. x_ab =l= 100 ;
  66      eq_x__ac .. x_ac =l= 100 ;
  67      eq_x__ad .. x_ad =l= 100 ;
  68      eq_x__ae .. x_ae =l= 100 ;
  69      eq_x__bc .. x_bc =l= 100 ;
  70      eq_x__bd .. x_bd =l= 100 ;
  71      eq_x__be .. x_be =l= 100 ;
  72      eq_x__cd .. x_cd =l= 100 ;
  73      eq_x__ce .. x_ce =l= 100 ;
  74      eq_x__de .. x_de =l= 100 ;
  75   
  76      eq_x__ba .. x_ba =l= 100 ;
  77      eq_x__ca .. x_ca =l= 100 ;
  78      eq_x__da .. x_da =l= 100 ;
  79      eq_x__ea .. x_ea =l= 100 ;
  80      eq_x__cb .. x_cb =l= 100 ;
  81      eq_x__db .. x_db =l= 100 ;
  82      eq_x__eb .. x_eb =l= 100 ;
  83      eq_x__dc .. x_dc =l= 100 ;
  84      eq_x__ec .. x_ec =l= 100 ;
  85      eq_x__ed .. x_ed =l= 100 ;
  86   
  87  Model
  88      model_test /all/;
  89   
  90  Solve model_test using LP min Z;
  91   
  92  parameter
  93      a  /2/,
  94      b  /2/,
  95      c  ;
  96   
  97  c = a-b;
  98  display c;
  99  execute_unload 'or_report.1.0.gdx', a , b ,c;
 100   


COMPILATION TIME     =        0.000 SECONDS      2 MB  28.2.0 r750fa45 WEX-WEI
GAMS 28.2.0  r750fa45 Released Aug 19, 2019 WEX-WEI x86 64bit/MS Windows - 06/23/20 02:14:10 Page 2
G e n e r a l   A l g e b r a i c   M o d e l i n g   S y s t e m
Equation Listing    SOLVE model_test Using LP From line 90


---- eq_z  =E=  obj 

eq_z..  Z - x_ab - x_ac - x_ad - x_ae - x_bc - x_bd - x_be - x_cd - x_ce - x_de - x_ba - x_ca - x_da - x_ea - x_cb - x_db - x_eb - x_dc - x_ec - x_ed =E= 0 ; (LHS = 0)
     

---- eq_a  =E=  a_out

eq_a..  x_ab + x_ac + x_ad + x_ae - x_ba - x_ca - x_da - x_ea =E= 100 ; (LHS = 0, INFES = 100 ****)
     

---- eq_e  =E=  e_in

eq_e..  - x_ae - x_be - x_ce - x_de + x_ea + x_eb + x_ec + x_ed =E= -100 ; (LHS = 0, INFES = 100 ****)
     

---- eq_b  =E=  b

eq_b..  - x_ab + x_bc + x_bd + x_be + x_ba - x_cb - x_db - x_eb =E= 0 ; (LHS = 0)
     

---- eq_c  =E=  c

eq_c..  - x_ac - x_bc + x_cd + x_ce + x_ca + x_cb - x_dc - x_ec =E= 0 ; (LHS = 0)
     

---- eq_d  =E=  e

eq_d..  - x_ad - x_bd - x_cd + x_de + x_da + x_db + x_dc - x_ed =E= 0 ; (LHS = 0)
     

---- eq_x__ab  =L=  

eq_x__ab..  x_ab =L= 100 ; (LHS = 0)
     

---- eq_x__ac  =L=  

eq_x__ac..  x_ac =L= 100 ; (LHS = 0)
     

---- eq_x__ad  =L=  

eq_x__ad..  x_ad =L= 100 ; (LHS = 0)
     

---- eq_x__ae  =L=  

eq_x__ae..  x_ae =L= 100 ; (LHS = 0)
     

---- eq_x__bc  =L=  

eq_x__bc..  x_bc =L= 100 ; (LHS = 0)
     

---- eq_x__bd  =L=  

eq_x__bd..  x_bd =L= 100 ; (LHS = 0)
     

---- eq_x__be  =L=  

eq_x__be..  x_be =L= 100 ; (LHS = 0)
     

---- eq_x__cd  =L=  

eq_x__cd..  x_cd =L= 100 ; (LHS = 0)
     

---- eq_x__ce  =L=  

eq_x__ce..  x_ce =L= 100 ; (LHS = 0)
     

---- eq_x__de  =L=  

eq_x__de..  x_de =L= 100 ; (LHS = 0)
     

---- eq_x__ba  =L=  

eq_x__ba..  x_ba =L= 100 ; (LHS = 0)
     

---- eq_x__ca  =L=  

eq_x__ca..  x_ca =L= 100 ; (LHS = 0)
     

---- eq_x__da  =L=  

eq_x__da..  x_da =L= 100 ; (LHS = 0)
     

---- eq_x__ea  =L=  

eq_x__ea..  x_ea =L= 100 ; (LHS = 0)
     

---- eq_x__cb  =L=  

eq_x__cb..  x_cb =L= 100 ; (LHS = 0)
     

---- eq_x__db  =L=  

eq_x__db..  x_db =L= 100 ; (LHS = 0)
     

---- eq_x__eb  =L=  

eq_x__eb..  x_eb =L= 100 ; (LHS = 0)
     

---- eq_x__dc  =L=  

eq_x__dc..  x_dc =L= 100 ; (LHS = 0)
     

---- eq_x__ec  =L=  

eq_x__ec..  x_ec =L= 100 ; (LHS = 0)
     

---- eq_x__ed  =L=  

eq_x__ed..  x_ed =L= 100 ; (LHS = 0)
     
GAMS 28.2.0  r750fa45 Released Aug 19, 2019 WEX-WEI x86 64bit/MS Windows - 06/23/20 02:14:10 Page 3
G e n e r a l   A l g e b r a i c   M o d e l i n g   S y s t e m
Column Listing      SOLVE model_test Using LP From line 90


---- Z  objective

Z
                (.LO, .L, .UP, .M = -INF, 0, +INF, 0)
        1       eq_z


---- x_ab  

x_ab
                (.LO, .L, .UP, .M = 0, 0, +INF, 0)
       -1       eq_z
        1       eq_a
       -1       eq_b
        1       eq_x__ab


---- x_ac  

x_ac
                (.LO, .L, .UP, .M = 0, 0, +INF, 0)
       -1       eq_z
        1       eq_a
       -1       eq_c
        1       eq_x__ac


---- x_ad  

x_ad
                (.LO, .L, .UP, .M = 0, 0, +INF, 0)
       -1       eq_z
        1       eq_a
       -1       eq_d
        1       eq_x__ad


---- x_ae  

x_ae
                (.LO, .L, .UP, .M = 0, 0, +INF, 0)
       -1       eq_z
        1       eq_a
       -1       eq_e
        1       eq_x__ae


---- x_bc  

x_bc
                (.LO, .L, .UP, .M = 0, 0, +INF, 0)
       -1       eq_z
        1       eq_b
       -1       eq_c
        1       eq_x__bc


---- x_bd  

x_bd
                (.LO, .L, .UP, .M = 0, 0, +INF, 0)
       -1       eq_z
        1       eq_b
       -1       eq_d
        1       eq_x__bd


---- x_be  

x_be
                (.LO, .L, .UP, .M = 0, 0, +INF, 0)
       -1       eq_z
       -1       eq_e
        1       eq_b
        1       eq_x__be


---- x_cd  

x_cd
                (.LO, .L, .UP, .M = 0, 0, +INF, 0)
       -1       eq_z
        1       eq_c
       -1       eq_d
        1       eq_x__cd


---- x_ce  

x_ce
                (.LO, .L, .UP, .M = 0, 0, +INF, 0)
       -1       eq_z
       -1       eq_e
        1       eq_c
        1       eq_x__ce


---- x_de  

x_de
                (.LO, .L, .UP, .M = 0, 0, +INF, 0)
       -1       eq_z
       -1       eq_e
        1       eq_d
        1       eq_x__de


---- x_ba  

x_ba
                (.LO, .L, .UP, .M = 0, 0, +INF, 0)
       -1       eq_z
       -1       eq_a
        1       eq_b
        1       eq_x__ba


---- x_ca  

x_ca
                (.LO, .L, .UP, .M = 0, 0, +INF, 0)
       -1       eq_z
       -1       eq_a
        1       eq_c
        1       eq_x__ca


---- x_da  

x_da
                (.LO, .L, .UP, .M = 0, 0, +INF, 0)
       -1       eq_z
       -1       eq_a
        1       eq_d
        1       eq_x__da


---- x_ea  

x_ea
                (.LO, .L, .UP, .M = 0, 0, +INF, 0)
       -1       eq_z
       -1       eq_a
        1       eq_e
        1       eq_x__ea


---- x_cb  

x_cb
                (.LO, .L, .UP, .M = 0, 0, +INF, 0)
       -1       eq_z
       -1       eq_b
        1       eq_c
        1       eq_x__cb


---- x_db  

x_db
                (.LO, .L, .UP, .M = 0, 0, +INF, 0)
       -1       eq_z
       -1       eq_b
        1       eq_d
        1       eq_x__db


---- x_eb  

x_eb
                (.LO, .L, .UP, .M = 0, 0, +INF, 0)
       -1       eq_z
        1       eq_e
       -1       eq_b
        1       eq_x__eb


---- x_dc  

x_dc
                (.LO, .L, .UP, .M = 0, 0, +INF, 0)
       -1       eq_z
       -1       eq_c
        1       eq_d
        1       eq_x__dc


---- x_ec  

x_ec
                (.LO, .L, .UP, .M = 0, 0, +INF, 0)
       -1       eq_z
        1       eq_e
       -1       eq_c
        1       eq_x__ec


---- x_ed  

x_ed
                (.LO, .L, .UP, .M = 0, 0, +INF, 0)
       -1       eq_z
        1       eq_e
       -1       eq_d
        1       eq_x__ed

GAMS 28.2.0  r750fa45 Released Aug 19, 2019 WEX-WEI x86 64bit/MS Windows - 06/23/20 02:14:10 Page 4
G e n e r a l   A l g e b r a i c   M o d e l i n g   S y s t e m
Model Statistics    SOLVE model_test Using LP From line 90


MODEL STATISTICS

BLOCKS OF EQUATIONS          26     SINGLE EQUATIONS           26
BLOCKS OF VARIABLES          21     SINGLE VARIABLES           21
NON ZERO ELEMENTS            81


GENERATION TIME      =        0.125 SECONDS      3 MB  28.2.0 r750fa45 WEX-WEI


EXECUTION TIME       =        0.125 SECONDS      3 MB  28.2.0 r750fa45 WEX-WEI
GAMS 28.2.0  r750fa45 Released Aug 19, 2019 WEX-WEI x86 64bit/MS Windows - 06/23/20 02:14:10 Page 5
G e n e r a l   A l g e b r a i c   M o d e l i n g   S y s t e m
Solution Report     SOLVE model_test Using LP From line 90


               S O L V E      S U M M A R Y

     MODEL   model_test          OBJECTIVE  Z
     TYPE    LP                  DIRECTION  MINIMIZE
     SOLVER  CPLEX               FROM LINE  90

**** SOLVER STATUS     1 Normal Completion         
**** MODEL STATUS      1 Optimal                   
**** OBJECTIVE VALUE              100.0000

 RESOURCE USAGE, LIMIT          0.218      1000.000
 ITERATION COUNT, LIMIT         2    2000000000

IBM ILOG CPLEX   28.2.0 r750fa45 Released Aug 19, 2019 WEI x86 64bit/MS Window
Cplex 12.9.0.0

Space for names approximately 0.00 Mb
Use option 'names no' to turn use of names off
LP status(1): optimal
Cplex Time: 0.06sec (det. 0.04 ticks)
Optimal solution found.
Objective :         100.000000


                           LOWER          LEVEL          UPPER         MARGINAL

---- EQU eq_z                .              .              .             1.0000      
---- EQU eq_a             100.0000       100.0000       100.0000         1.0000      
---- EQU eq_e            -100.0000      -100.0000      -100.0000          .          
---- EQU eq_b                .              .              .              .          
---- EQU eq_c                .              .              .              .          
---- EQU eq_d                .              .              .              .          
---- EQU eq_x__ab          -INF             .           100.0000          .          
---- EQU eq_x__ac          -INF             .           100.0000          .          
---- EQU eq_x__ad          -INF             .           100.0000          .          
---- EQU eq_x__ae          -INF          100.0000       100.0000          .          
---- EQU eq_x__bc          -INF             .           100.0000          .          
---- EQU eq_x__bd          -INF             .           100.0000          .          
---- EQU eq_x__be          -INF             .           100.0000          .          
---- EQU eq_x__cd          -INF             .           100.0000          .          
---- EQU eq_x__ce          -INF             .           100.0000          .          
---- EQU eq_x__de          -INF             .           100.0000          .          
---- EQU eq_x__ba          -INF             .           100.0000          .          
---- EQU eq_x__ca          -INF             .           100.0000          .          
---- EQU eq_x__da          -INF             .           100.0000          .          
---- EQU eq_x__ea          -INF             .           100.0000          .          
---- EQU eq_x__cb          -INF             .           100.0000          .          
---- EQU eq_x__db          -INF             .           100.0000          .          
---- EQU eq_x__eb          -INF             .           100.0000          .          
---- EQU eq_x__dc          -INF             .           100.0000          .          
---- EQU eq_x__ec          -INF             .           100.0000          .          
---- EQU eq_x__ed          -INF             .           100.0000          .          

  eq_z  obj 
  eq_a  a_out
  eq_e  e_in
  eq_b  b
  eq_c  c
  eq_d  e

                           LOWER          LEVEL          UPPER         MARGINAL

---- VAR Z                 -INF          100.0000        +INF             .          
---- VAR x_ab                .              .            +INF            EPS         
---- VAR x_ac                .              .            +INF            EPS         
---- VAR x_ad                .              .            +INF            EPS         
---- VAR x_ae                .           100.0000        +INF             .          
---- VAR x_bc                .              .            +INF            1.0000      
---- VAR x_bd                .              .            +INF            1.0000      
---- VAR x_be                .              .            +INF            1.0000      
---- VAR x_cd                .              .            +INF            1.0000      
---- VAR x_ce                .              .            +INF            1.0000      
---- VAR x_de                .              .            +INF            1.0000      
---- VAR x_ba                .              .            +INF            2.0000      
---- VAR x_ca                .              .            +INF            2.0000      
---- VAR x_da                .              .            +INF            2.0000      
---- VAR x_ea                .              .            +INF            2.0000      
---- VAR x_cb                .              .            +INF            1.0000      
---- VAR x_db                .              .            +INF            1.0000      
---- VAR x_eb                .              .            +INF            1.0000      
---- VAR x_dc                .              .            +INF            1.0000      
---- VAR x_ec                .              .            +INF            1.0000      
---- VAR x_ed                .              .            +INF            1.0000      

  Z  objective


**** REPORT SUMMARY :        0     NONOPT
                             0 INFEASIBLE
                             0  UNBOUNDED
GAMS 28.2.0  r750fa45 Released Aug 19, 2019 WEX-WEI x86 64bit/MS Windows - 06/23/20 02:14:10 Page 6
G e n e r a l   A l g e b r a i c   M o d e l i n g   S y s t e m
E x e c u t i o n


----     98 PARAMETER c                    =        0.000  


EXECUTION TIME       =        0.000 SECONDS      3 MB  28.2.0 r750fa45 WEX-WEI


USER: GAMS Development Corporation, USA              G871201/0000CA-ANY
      Free Demo, +1 202-342-0180, support@gams.com, www.gams.com DC0000


**** FILE SUMMARY

Input      D:\Desktop\1082_OR_report_summary\or_report_1.0_model_A_demo0\or_report_1.gms
Output     D:\Desktop\1082_OR_report_summary\or_report_1.0_model_A_demo0\or_report_1.lst
