GAMS 28.2.0  r750fa45 Released Aug 19, 2019 WEX-WEI x86 64bit/MS Windows - 06/06/20 10:11:23 Page 1
or_report_1.1
C o m p i l a t i o n


   2   
  80   
  81  Model
  82      model_1_test /cost_z, mode_io_1, tube_io/,
  83      model_2_test /mode_io_2, tube_io/,
  84      model_2_demo_1 /mode_io_2_fullfunc, tube_io/;
  85   
  86  Solve model_1_test using LP min z;
  87  Solve model_2_test using LP max f;
  88   
  89  zz = model_1_test.ObjVal;
  90  *(model_name)..ObjVal for output of objective
          2. set by gams after each solve execution
             DomUsd, ETAlg, ETSolve, ETSolver, Handle, IterUsd, Line, LinkUsed
             Marginals, ModelStat, NodUsd, Number, NumDepnd, NumDVar, NumEqu
             NumInfes, NumNLIns, NumNLNZ, NumNOpt, NumNZ, NumRedef, NumVar
             NumVarProj, ObjEst, ObjVal, ProcUsed, ResCalc, ResDeriv, ResGen
             ResIn, ResOut, ResUsd, RObj, SolveStat, SumInfes, MaxInfes
             MeanInfes, SysIdent, SysVer
 100   
 101  *zz = cc('1','1');

 103  display zz;

 104   

 105  loop (k,

 106       display k;

 107       Solve model_2_demo_1 using LP max f;

 108       ww = ww + 1;

 109       ff(k) = model_2_demo_1.ObjVal;

 110   

 111   

 112  );

 113   

 114  display ff


COMPILATION TIME     =        0.000 SECONDS      3 MB  28.2.0 r750fa45 WEX-WEI
GAMS 28.2.0  r750fa45 Released Aug 19, 2019 WEX-WEI x86 64bit/MS Windows - 06/06/20 10:11:23 Page 2
or_report_1.1
Equation Listing    SOLVE model_1_test Using LP From line 86


---- cost_z  =E=  cost of change of currency

cost_z..  - x(1,1) - x(1,2) - x(1,3) - x(1,4) - x(1,5) - x(2,1) - x(2,2) - x(2,3) - x(2,4) - x(2,5) - x(3,1) - x(3,2) - x(3,3) - x(3,4) - x(3,5) - x(4,1) - x(4,2) - x(4,3) - x(4,4) - x(4,5) - x(5,1) - x(5,2) - x(5,3) - x(5,4) - x(5,5) + z =E= 0 ;
     
      (LHS = 0)
     

---- mode_io_1  =E=  demand of I/O

mode_io_1(1)..  x(1,2) + x(1,3) + x(1,4) + x(1,5) - x(2,1) - x(3,1) - x(4,1) - x(5,1) =E= 100 ; (LHS = 0, INFES = 100 ****)
     
mode_io_1(2)..  - x(1,2) + x(2,1) + x(2,3) + x(2,4) + x(2,5) - x(3,2) - x(4,2) - x(5,2) =E= 0 ; (LHS = 0)
     
mode_io_1(3)..  - x(1,3) - x(2,3) + x(3,1) + x(3,2) + x(3,4) + x(3,5) - x(4,3) - x(5,3) =E= 0 ; (LHS = 0)
     
REMAINING 2 ENTRIES SKIPPED


---- tube_io  =L=  max flow of tube

tube_io(1,1)..  x(1,1) =L= 0 ; (LHS = 0)
     
tube_io(1,2)..  x(1,2) =L= 100 ; (LHS = 0)
     
tube_io(1,3)..  x(1,3) =L= 100 ; (LHS = 0)
     
REMAINING 22 ENTRIES SKIPPED

GAMS 28.2.0  r750fa45 Released Aug 19, 2019 WEX-WEI x86 64bit/MS Windows - 06/06/20 10:11:23 Page 3
or_report_1.1
Column Listing      SOLVE model_1_test Using LP From line 86


---- x  tube from i to j

x(1,1)
                (.LO, .L, .UP, .M = 0, 0, +INF, 0)
       -1       cost_z
        1       tube_io(1,1)

x(1,2)
                (.LO, .L, .UP, .M = 0, 0, +INF, 0)
       -1       cost_z
        1       mode_io_1(1)
       -1       mode_io_1(2)
        1       tube_io(1,2)

x(1,3)
                (.LO, .L, .UP, .M = 0, 0, +INF, 0)
       -1       cost_z
        1       mode_io_1(1)
       -1       mode_io_1(3)
        1       tube_io(1,3)

REMAINING 22 ENTRIES SKIPPED

---- z  total

z
                (.LO, .L, .UP, .M = -INF, 0, +INF, 0)
        1       cost_z

GAMS 28.2.0  r750fa45 Released Aug 19, 2019 WEX-WEI x86 64bit/MS Windows - 06/06/20 10:11:23 Page 4
or_report_1.1
Model Statistics    SOLVE model_1_test Using LP From line 86


MODEL STATISTICS

BLOCKS OF EQUATIONS           3     SINGLE EQUATIONS           31
BLOCKS OF VARIABLES           2     SINGLE VARIABLES           26
NON ZERO ELEMENTS            91


GENERATION TIME      =        0.000 SECONDS      4 MB  28.2.0 r750fa45 WEX-WEI


EXECUTION TIME       =        0.000 SECONDS      4 MB  28.2.0 r750fa45 WEX-WEI
GAMS 28.2.0  r750fa45 Released Aug 19, 2019 WEX-WEI x86 64bit/MS Windows - 06/06/20 10:11:23 Page 5
or_report_1.1
Solution Report     SOLVE model_1_test Using LP From line 86


               S O L V E      S U M M A R Y

     MODEL   model_1_test        OBJECTIVE  z
     TYPE    LP                  DIRECTION  MINIMIZE
     SOLVER  CPLEX               FROM LINE  86

**** SOLVER STATUS     1 Normal Completion         
**** MODEL STATUS      1 Optimal                   
**** OBJECTIVE VALUE              100.0000

 RESOURCE USAGE, LIMIT          0.391      1000.000
 ITERATION COUNT, LIMIT         2    2000000000

IBM ILOG CPLEX   28.2.0 r750fa45 Released Aug 19, 2019 WEI x86 64bit/MS Window
Cplex 12.9.0.0

Space for names approximately 0.00 Mb
Use option 'names no' to turn use of names off
LP status(1): optimal
Cplex Time: 0.39sec (det. 0.04 ticks)
Optimal solution found.
Objective :         100.000000


                           LOWER          LEVEL          UPPER         MARGINAL

---- EQU cost_z              .              .              .             1.0000      

  cost_z  cost of change of currency

---- EQU mode_io_1  demand of I/O

         LOWER          LEVEL          UPPER         MARGINAL

1       100.0000       100.0000       100.0000         1.0000      
2          .              .              .              .          
3          .              .              .              .          
4          .              .              .              .          
5      -100.0000      -100.0000      -100.0000          .          

---- EQU tube_io  max flow of tube

           LOWER          LEVEL          UPPER         MARGINAL

1.1        -INF             .              .              .          
1.2        -INF             .           100.0000          .          
1.3        -INF             .           100.0000          .          
1.4        -INF             .           100.0000          .          
1.5        -INF          100.0000       100.0000          .          
2.1        -INF             .           100.0000          .          
2.2        -INF             .              .              .          
2.3        -INF             .           100.0000          .          
2.4        -INF             .           100.0000          .          
2.5        -INF             .           100.0000          .          
3.1        -INF             .           100.0000          .          
3.2        -INF             .           100.0000          .          
3.3        -INF             .              .              .          
3.4        -INF             .           100.0000          .          
3.5        -INF             .           100.0000          .          
4.1        -INF             .           100.0000          .          
4.2        -INF             .           100.0000          .          
4.3        -INF             .           100.0000          .          
4.4        -INF             .              .              .          
4.5        -INF             .           100.0000          .          
5.1        -INF             .           100.0000          .          
5.2        -INF             .           100.0000          .          
5.3        -INF             .           100.0000          .          
5.4        -INF             .           100.0000          .          
5.5        -INF             .              .              .          

---- VAR x  tube from i to j

           LOWER          LEVEL          UPPER         MARGINAL

1.1          .              .            +INF            1.0000      
1.2          .              .            +INF            EPS         
1.3          .              .            +INF            EPS         
1.4          .              .            +INF            EPS         
1.5          .           100.0000        +INF             .          
2.1          .              .            +INF            2.0000      
2.2          .              .            +INF            1.0000      
2.3          .              .            +INF            1.0000      
2.4          .              .            +INF            1.0000      
2.5          .              .            +INF            1.0000      
3.1          .              .            +INF            2.0000      
3.2          .              .            +INF            1.0000      
3.3          .              .            +INF            1.0000      
3.4          .              .            +INF            1.0000      
3.5          .              .            +INF            1.0000      
4.1          .              .            +INF            2.0000      
4.2          .              .            +INF            1.0000      
4.3          .              .            +INF            1.0000      
4.4          .              .            +INF            1.0000      
4.5          .              .            +INF            1.0000      
5.1          .              .            +INF            2.0000      
5.2          .              .            +INF            1.0000      
5.3          .              .            +INF            1.0000      
5.4          .              .            +INF            1.0000      
5.5          .              .            +INF            1.0000      

                           LOWER          LEVEL          UPPER         MARGINAL

---- VAR z                 -INF          100.0000        +INF             .          

  z  total


**** REPORT SUMMARY :        0     NONOPT
                             0 INFEASIBLE
                             0  UNBOUNDED
GAMS 28.2.0  r750fa45 Released Aug 19, 2019 WEX-WEI x86 64bit/MS Windows - 06/06/20 10:11:23 Page 6
or_report_1.1
Equation Listing    SOLVE model_2_test Using LP From line 87


---- mode_io_2  =E=  

mode_io_2(1)..  x(1,1) + x(1,2) + x(1,3) + x(1,4) + x(1,5) - 0.980392156862745*x(2,1) - 0.973709834469328*x(3,1) - 0.952380952380952*x(4,1) - 0.942507068803016*x(5,1) =E= 100 ; (LHS = 100)
     
mode_io_2(2)..  - 0.96061479346782*x(1,2) + x(2,1) + x(2,2) + x(2,3) + x(2,4) + x(2,5) - 0.965250965250965*x(3,2) - 0.943396226415094*x(4,2) - 0.945179584120983*x(5,2) =E= 0 ; (LHS = 0)
     
mode_io_2(3)..  - 0.967117988394584*x(1,3) - 0.982318271119843*x(2,3) + x(3,1) + x(3,2) + x(3,3) + x(3,4) + x(3,5) - 0.950570342205323*x(4,3) - 0.946073793755913*x(5,3) =E= 0 ; (LHS = 0)
     
REMAINING 2 ENTRIES SKIPPED


---- tube_io  =L=  max flow of tube

tube_io(1,1)..  x(1,1) =L= 0 ; (LHS = 0)
     
tube_io(1,2)..  x(1,2) =L= 100 ; (LHS = 0)
     
tube_io(1,3)..  x(1,3) =L= 100 ; (LHS = 0)
     
REMAINING 22 ENTRIES SKIPPED

GAMS 28.2.0  r750fa45 Released Aug 19, 2019 WEX-WEI x86 64bit/MS Windows - 06/06/20 10:11:23 Page 7
or_report_1.1
Column Listing      SOLVE model_2_test Using LP From line 87


---- x  tube from i to j

x(1,1)
                (.LO, .L, .UP, .M = 0, 0, +INF, 1)
        1       mode_io_2(1)
        1       tube_io(1,1)

x(1,2)
                (.LO, .L, .UP, .M = 0, 0, +INF, EPS)
        1       mode_io_2(1)
       -0.9606  mode_io_2(2)
        1       tube_io(1,2)

x(1,3)
                (.LO, .L, .UP, .M = 0, 0, +INF, EPS)
        1       mode_io_2(1)
       -0.9671  mode_io_2(3)
        1       tube_io(1,3)

REMAINING 22 ENTRIES SKIPPED

---- f  maxflow

f
                (.LO, .L, .UP, .M = -INF, 0, +INF, 0)
        1       mode_io_2(5)

GAMS 28.2.0  r750fa45 Released Aug 19, 2019 WEX-WEI x86 64bit/MS Windows - 06/06/20 10:11:23 Page 8
or_report_1.1
Model Statistics    SOLVE model_2_test Using LP From line 87


MODEL STATISTICS

BLOCKS OF EQUATIONS           2     SINGLE EQUATIONS           30
BLOCKS OF VARIABLES           2     SINGLE VARIABLES           26
NON ZERO ELEMENTS            71


GENERATION TIME      =        0.016 SECONDS      3 MB  28.2.0 r750fa45 WEX-WEI


EXECUTION TIME       =        0.016 SECONDS      3 MB  28.2.0 r750fa45 WEX-WEI
GAMS 28.2.0  r750fa45 Released Aug 19, 2019 WEX-WEI x86 64bit/MS Windows - 06/06/20 10:11:23 Page 9
or_report_1.1
Solution Report     SOLVE model_2_test Using LP From line 87


               S O L V E      S U M M A R Y

     MODEL   model_2_test        OBJECTIVE  f
     TYPE    LP                  DIRECTION  MAXIMIZE
     SOLVER  CPLEX               FROM LINE  87

**** SOLVER STATUS     1 Normal Completion         
**** MODEL STATUS      1 Optimal                   
**** OBJECTIVE VALUE               95.6023

 RESOURCE USAGE, LIMIT          0.000      1000.000
 ITERATION COUNT, LIMIT         2    2000000000

IBM ILOG CPLEX   28.2.0 r750fa45 Released Aug 19, 2019 WEI x86 64bit/MS Window
Cplex 12.9.0.0

Space for names approximately 0.00 Mb
Use option 'names no' to turn use of names off
LP status(1): optimal
Cplex Time: 0.00sec (det. 0.04 ticks)
Optimal solution found.
Objective :          95.602294


---- EQU mode_io_2  

         LOWER          LEVEL          UPPER         MARGINAL

1       100.0000       100.0000       100.0000         0.9560      
2          .              .              .             0.9952      
3          .              .              .             0.9606      
4          .              .              .             0.9389      
5          .              .              .             1.0000      

---- EQU tube_io  max flow of tube

           LOWER          LEVEL          UPPER         MARGINAL

1.1        -INF             .              .              .          
1.2        -INF             .           100.0000          .          
1.3        -INF             .           100.0000          .          
1.4        -INF             .           100.0000          .          
1.5        -INF          100.0000       100.0000          .          
2.1        -INF             .           100.0000          .          
2.2        -INF             .              .              .          
2.3        -INF             .           100.0000          .          
2.4        -INF             .           100.0000          .          
2.5        -INF             .           100.0000          .          
3.1        -INF             .           100.0000          .          
3.2        -INF             .           100.0000          .          
3.3        -INF             .              .              .          
3.4        -INF             .           100.0000          .          
3.5        -INF             .           100.0000          .          
4.1        -INF             .           100.0000          .          
4.2        -INF             .           100.0000          .          
4.3        -INF             .           100.0000          .          
4.4        -INF             .              .              .          
4.5        -INF             .           100.0000          .          
5.1        -INF             .           100.0000          .          
5.2        -INF             .           100.0000          .          
5.3        -INF             .           100.0000          .          
5.4        -INF             .           100.0000          .          
5.5        -INF             .              .              .          

---- VAR x  tube from i to j

           LOWER          LEVEL          UPPER         MARGINAL

1.1          .              .            +INF           -0.9560      
1.2          .              .            +INF             .          
1.3          .              .            +INF           -0.0270      
1.4          .              .            +INF           -0.0427      
1.5          .           100.0000        +INF             .          
2.1          .              .            +INF           -0.0579      
2.2          .              .            +INF           -0.9952      
2.3          .              .            +INF           -0.0516      
2.4          .              .            +INF           -0.0933      
2.5          .              .            +INF           -0.0554      
3.1          .              .            +INF           -0.0297      
3.2          .              .            +INF             .          
3.3          .              .            +INF           -0.9606      
3.4          .              .            +INF           -0.0774      
3.5          .              .            +INF           -0.0269      
4.1          .              .            +INF           -0.0284      
4.2          .              .            +INF             .          
4.3          .              .            +INF           -0.0257      
4.4          .              .            +INF           -0.9389      
4.5          .              .            +INF           -0.0017      
5.1          .              .            +INF           -0.0989      
5.2          .              .            +INF           -0.0593      
5.3          .              .            +INF           -0.0912      
5.4          .              .            +INF           -0.1323      
5.5          .              .            +INF           -1.0000      

                           LOWER          LEVEL          UPPER         MARGINAL

---- VAR f                 -INF           95.6023        +INF             .          

  f  maxflow


**** REPORT SUMMARY :        0     NONOPT
                             0 INFEASIBLE
                             0  UNBOUNDED
GAMS 28.2.0  r750fa45 Released Aug 19, 2019 WEX-WEI x86 64bit/MS Windows - 06/06/20 10:11:23 Page 10
or_report_1.1
E x e c u t i o n


----    103 PARAMETER zz                   =      100.000  

----    106 SET k  index of num of currency

1 ,    2 ,    3 ,    4 ,    5 ,    6 ,    7 ,    8 ,    9 ,    10

GAMS 28.2.0  r750fa45 Released Aug 19, 2019 WEX-WEI x86 64bit/MS Windows - 06/06/20 10:11:23 Page 11
or_report_1.1
Equation Listing    SOLVE model_2_demo_1 Using LP From line 107


---- mode_io_2_fullfunc  =E=  

mode_io_2_fullfunc(1)..  x(1,1) + x(1,2) + x(1,3) + x(1,4) + x(1,5) - 0.980392156862745*x(2,1) - 0.973709834469328*x(3,1) - 0.952380952380952*x(4,1) - 0.942507068803016*x(5,1) =E= 1 ; (LHS = 100, INFES = 99 ****)
     
mode_io_2_fullfunc(2)..  - 0.96061479346782*x(1,2) + x(2,1) + x(2,2) + x(2,3) + x(2,4) + x(2,5) - 0.965250965250965*x(3,2) - 0.943396226415094*x(4,2) - 0.945179584120983*x(5,2) =E= 0 ; (LHS = 0)
     
mode_io_2_fullfunc(3)..  - 0.967117988394584*x(1,3) - 0.982318271119843*x(2,3) + x(3,1) + x(3,2) + x(3,3) + x(3,4) + x(3,5) - 0.950570342205323*x(4,3) - 0.946073793755913*x(5,3) =E= 0 ; (LHS = 0)
     
REMAINING 2 ENTRIES SKIPPED


---- tube_io  =L=  max flow of tube

tube_io(1,1)..  x(1,1) =L= 0 ; (LHS = 0)
     
tube_io(1,2)..  x(1,2) =L= 100 ; (LHS = 0)
     
tube_io(1,3)..  x(1,3) =L= 100 ; (LHS = 0)
     
REMAINING 22 ENTRIES SKIPPED

GAMS 28.2.0  r750fa45 Released Aug 19, 2019 WEX-WEI x86 64bit/MS Windows - 06/06/20 10:11:23 Page 12
or_report_1.1
Column Listing      SOLVE model_2_demo_1 Using LP From line 107


---- x  tube from i to j

x(1,1)
                (.LO, .L, .UP, .M = 0, 0, +INF, -0.956022944550669)
        1       mode_io_2_fullfunc(1)
        1       tube_io(1,1)

x(1,2)
                (.LO, .L, .UP, .M = 0, 0, +INF, 0)
        1       mode_io_2_fullfunc(1)
       -0.9606  mode_io_2_fullfunc(2)
        1       tube_io(1,2)

x(1,3)
                (.LO, .L, .UP, .M = 0, 0, +INF, -0.0269736651494921)
        1       mode_io_2_fullfunc(1)
       -0.9671  mode_io_2_fullfunc(3)
        1       tube_io(1,3)

REMAINING 22 ENTRIES SKIPPED

---- f  maxflow

f
                (.LO, .L, .UP, .M = -INF, 95.6022944550669, +INF, 0)
        1       mode_io_2_fullfunc(5)

GAMS 28.2.0  r750fa45 Released Aug 19, 2019 WEX-WEI x86 64bit/MS Windows - 06/06/20 10:11:23 Page 13
or_report_1.1
Model Statistics    SOLVE model_2_demo_1 Using LP From line 107


LOOPS                                    k   1


MODEL STATISTICS

BLOCKS OF EQUATIONS           2     SINGLE EQUATIONS           30
BLOCKS OF VARIABLES           2     SINGLE VARIABLES           26
NON ZERO ELEMENTS            71


GENERATION TIME      =        0.000 SECONDS      3 MB  28.2.0 r750fa45 WEX-WEI


EXECUTION TIME       =        0.000 SECONDS      3 MB  28.2.0 r750fa45 WEX-WEI
               L O O P S                  k 1

GAMS 28.2.0  r750fa45 Released Aug 19, 2019 WEX-WEI x86 64bit/MS Windows - 06/06/20 10:11:23 Page 14
or_report_1.1
Solution Report     SOLVE model_2_demo_1 Using LP From line 107


               S O L V E      S U M M A R Y

     MODEL   model_2_demo_1      OBJECTIVE  f
     TYPE    LP                  DIRECTION  MAXIMIZE
     SOLVER  CPLEX               FROM LINE  107

**** SOLVER STATUS     1 Normal Completion         
**** MODEL STATUS      1 Optimal                   
**** OBJECTIVE VALUE                0.9560

 RESOURCE USAGE, LIMIT          0.015      1000.000
 ITERATION COUNT, LIMIT         4    2000000000

IBM ILOG CPLEX   28.2.0 r750fa45 Released Aug 19, 2019 WEI x86 64bit/MS Window
Cplex 12.9.0.0

Space for names approximately 0.00 Mb
Use option 'names no' to turn use of names off
LP status(1): optimal
Cplex Time: 0.02sec (det. 0.04 ticks)
Optimal solution found.
Objective :           0.956023


---- EQU mode_io_2_fullfunc  

         LOWER          LEVEL          UPPER         MARGINAL

1         1.0000         1.0000         1.0000         0.9560      
2          .              .              .             0.9952      
3          .              .              .             0.9606      
4          .              .              .             0.9828      
5          .              .              .             1.0000      

---- EQU tube_io  max flow of tube

           LOWER          LEVEL          UPPER         MARGINAL

1.1        -INF             .              .              .          
1.2        -INF             .           100.0000          .          
1.3        -INF             .           100.0000          .          
1.4        -INF             .           100.0000          .          
1.5        -INF            1.0000       100.0000          .          
2.1        -INF             .           100.0000          .          
2.2        -INF             .              .              .          
2.3        -INF             .           100.0000          .          
2.4        -INF             .           100.0000          .          
2.5        -INF             .           100.0000          .          
3.1        -INF             .           100.0000          .          
3.2        -INF             .           100.0000          .          
3.3        -INF             .              .              .          
3.4        -INF             .           100.0000          .          
3.5        -INF             .           100.0000          .          
4.1        -INF             .           100.0000          .          
4.2        -INF             .           100.0000          .          
4.3        -INF             .           100.0000          .          
4.4        -INF             .              .              .          
4.5        -INF             .           100.0000          .          
5.1        -INF             .           100.0000          .          
5.2        -INF             .           100.0000          .          
5.3        -INF             .           100.0000          .          
5.4        -INF             .           100.0000          .          
5.5        -INF             .              .              .          

---- VAR x  tube from i to j

           LOWER          LEVEL          UPPER         MARGINAL

1.1          .              .            +INF           -0.9560      
1.2          .              .            +INF             .          
1.3          .              .            +INF           -0.0270      
1.4          .              .            +INF             .          
1.5          .             1.0000        +INF             .          
2.1          .              .            +INF           -0.0579      
2.2          .              .            +INF           -0.9952      
2.3          .              .            +INF           -0.0516      
2.4          .              .            +INF           -0.0511      
2.5          .              .            +INF           -0.0554      
3.1          .              .            +INF           -0.0297      
3.2          .              .            +INF             .          
3.3          .              .            +INF           -0.9606      
3.4          .              .            +INF           -0.0361      
3.5          .              .            +INF           -0.0269      
4.1          .              .            +INF           -0.0723      
4.2          .              .            +INF           -0.0439      
4.3          .              .            +INF           -0.0696      
4.4          .              .            +INF           -0.9828      
4.5          .              .            +INF           -0.0456      
5.1          .              .            +INF           -0.0989      
5.2          .              .            +INF           -0.0593      
5.3          .              .            +INF           -0.0912      
5.4          .              .            +INF           -0.0917      
5.5          .              .            +INF           -1.0000      

                           LOWER          LEVEL          UPPER         MARGINAL

---- VAR f                 -INF            0.9560        +INF             .          

  f  maxflow


**** REPORT SUMMARY :        0     NONOPT
                             0 INFEASIBLE
                             0  UNBOUNDED
GAMS 28.2.0  r750fa45 Released Aug 19, 2019 WEX-WEI x86 64bit/MS Windows - 06/06/20 10:11:23 Page 15
or_report_1.1
E x e c u t i o n


----    106 SET k  index of num of currency

1 ,    2 ,    3 ,    4 ,    5 ,    6 ,    7 ,    8 ,    9 ,    10

GAMS 28.2.0  r750fa45 Released Aug 19, 2019 WEX-WEI x86 64bit/MS Windows - 06/06/20 10:11:23 Page 16
or_report_1.1
Equation Listing    SOLVE model_2_demo_1 Using LP From line 107


---- mode_io_2_fullfunc  =E=  

mode_io_2_fullfunc(1)..  x(1,1) + x(1,2) + x(1,3) + x(1,4) + x(1,5) - 0.980392156862745*x(2,1) - 0.973709834469328*x(3,1) - 0.952380952380952*x(4,1) - 0.942507068803016*x(5,1) =E= 2 ; (LHS = 1, INFES = 1 ****)
     
mode_io_2_fullfunc(2)..  - 0.96061479346782*x(1,2) + x(2,1) + x(2,2) + x(2,3) + x(2,4) + x(2,5) - 0.965250965250965*x(3,2) - 0.943396226415094*x(4,2) - 0.945179584120983*x(5,2) =E= 0 ; (LHS = 0)
     
mode_io_2_fullfunc(3)..  - 0.967117988394584*x(1,3) - 0.982318271119843*x(2,3) + x(3,1) + x(3,2) + x(3,3) + x(3,4) + x(3,5) - 0.950570342205323*x(4,3) - 0.946073793755913*x(5,3) =E= 0 ; (LHS = 0)
     
REMAINING 2 ENTRIES SKIPPED


---- tube_io  =L=  max flow of tube

tube_io(1,1)..  x(1,1) =L= 0 ; (LHS = 0)
     
tube_io(1,2)..  x(1,2) =L= 100 ; (LHS = 0)
     
tube_io(1,3)..  x(1,3) =L= 100 ; (LHS = 0)
     
REMAINING 22 ENTRIES SKIPPED

GAMS 28.2.0  r750fa45 Released Aug 19, 2019 WEX-WEI x86 64bit/MS Windows - 06/06/20 10:11:23 Page 17
or_report_1.1
Column Listing      SOLVE model_2_demo_1 Using LP From line 107


---- x  tube from i to j

x(1,1)
                (.LO, .L, .UP, .M = 0, 0, +INF, -0.956022944550669)
        1       mode_io_2_fullfunc(1)
        1       tube_io(1,1)

x(1,2)
                (.LO, .L, .UP, .M = 0, 0, +INF, 0)
        1       mode_io_2_fullfunc(1)
       -0.9606  mode_io_2_fullfunc(2)
        1       tube_io(1,2)

x(1,3)
                (.LO, .L, .UP, .M = 0, 0, +INF, -0.0269736651494921)
        1       mode_io_2_fullfunc(1)
       -0.9671  mode_io_2_fullfunc(3)
        1       tube_io(1,3)

REMAINING 22 ENTRIES SKIPPED

---- f  maxflow

f
                (.LO, .L, .UP, .M = -INF, 0.956022944550669, +INF, 0)
        1       mode_io_2_fullfunc(5)

GAMS 28.2.0  r750fa45 Released Aug 19, 2019 WEX-WEI x86 64bit/MS Windows - 06/06/20 10:11:23 Page 18
or_report_1.1
Model Statistics    SOLVE model_2_demo_1 Using LP From line 107


LOOPS                                    k   2


MODEL STATISTICS

BLOCKS OF EQUATIONS           2     SINGLE EQUATIONS           30
BLOCKS OF VARIABLES           2     SINGLE VARIABLES           26
NON ZERO ELEMENTS            71


GENERATION TIME      =        0.000 SECONDS      3 MB  28.2.0 r750fa45 WEX-WEI


EXECUTION TIME       =        0.016 SECONDS      3 MB  28.2.0 r750fa45 WEX-WEI
               L O O P S                  k 2

GAMS 28.2.0  r750fa45 Released Aug 19, 2019 WEX-WEI x86 64bit/MS Windows - 06/06/20 10:11:23 Page 19
or_report_1.1
Solution Report     SOLVE model_2_demo_1 Using LP From line 107


               S O L V E      S U M M A R Y

     MODEL   model_2_demo_1      OBJECTIVE  f
     TYPE    LP                  DIRECTION  MAXIMIZE
     SOLVER  CPLEX               FROM LINE  107

**** SOLVER STATUS     1 Normal Completion         
**** MODEL STATUS      1 Optimal                   
**** OBJECTIVE VALUE                1.9120

 RESOURCE USAGE, LIMIT          0.016      1000.000
 ITERATION COUNT, LIMIT         4    2000000000

IBM ILOG CPLEX   28.2.0 r750fa45 Released Aug 19, 2019 WEI x86 64bit/MS Window
Cplex 12.9.0.0

Space for names approximately 0.00 Mb
Use option 'names no' to turn use of names off
LP status(1): optimal
Cplex Time: 0.00sec (det. 0.04 ticks)
Optimal solution found.
Objective :           1.912046


---- EQU mode_io_2_fullfunc  

         LOWER          LEVEL          UPPER         MARGINAL

1         2.0000         2.0000         2.0000         0.9560      
2          .              .              .             0.9952      
3          .              .              .             0.9606      
4          .              .              .             0.9828      
5          .              .              .             1.0000      

---- EQU tube_io  max flow of tube

           LOWER          LEVEL          UPPER         MARGINAL

1.1        -INF             .              .              .          
1.2        -INF             .           100.0000          .          
1.3        -INF             .           100.0000          .          
1.4        -INF             .           100.0000          .          
1.5        -INF            2.0000       100.0000          .          
2.1        -INF             .           100.0000          .          
2.2        -INF             .              .              .          
2.3        -INF             .           100.0000          .          
2.4        -INF             .           100.0000          .          
2.5        -INF             .           100.0000          .          
3.1        -INF             .           100.0000          .          
3.2        -INF             .           100.0000          .          
3.3        -INF             .              .              .          
3.4        -INF             .           100.0000          .          
3.5        -INF             .           100.0000          .          
4.1        -INF             .           100.0000          .          
4.2        -INF             .           100.0000          .          
4.3        -INF             .           100.0000          .          
4.4        -INF             .              .              .          
4.5        -INF             .           100.0000          .          
5.1        -INF             .           100.0000          .          
5.2        -INF             .           100.0000          .          
5.3        -INF             .           100.0000          .          
5.4        -INF             .           100.0000          .          
5.5        -INF             .              .              .          

---- VAR x  tube from i to j

           LOWER          LEVEL          UPPER         MARGINAL

1.1          .              .            +INF           -0.9560      
1.2          .              .            +INF             .          
1.3          .              .            +INF           -0.0270      
1.4          .              .            +INF             .          
1.5          .             2.0000        +INF             .          
2.1          .              .            +INF           -0.0579      
2.2          .              .            +INF           -0.9952      
2.3          .              .            +INF           -0.0516      
2.4          .              .            +INF           -0.0511      
2.5          .              .            +INF           -0.0554      
3.1          .              .            +INF           -0.0297      
3.2          .              .            +INF             .          
3.3          .              .            +INF           -0.9606      
3.4          .              .            +INF           -0.0361      
3.5          .              .            +INF           -0.0269      
4.1          .              .            +INF           -0.0723      
4.2          .              .            +INF           -0.0439      
4.3          .              .            +INF           -0.0696      
4.4          .              .            +INF           -0.9828      
4.5          .              .            +INF           -0.0456      
5.1          .              .            +INF           -0.0989      
5.2          .              .            +INF           -0.0593      
5.3          .              .            +INF           -0.0912      
5.4          .              .            +INF           -0.0917      
5.5          .              .            +INF           -1.0000      

                           LOWER          LEVEL          UPPER         MARGINAL

---- VAR f                 -INF            1.9120        +INF             .          

  f  maxflow


**** REPORT SUMMARY :        0     NONOPT
                             0 INFEASIBLE
                             0  UNBOUNDED
GAMS 28.2.0  r750fa45 Released Aug 19, 2019 WEX-WEI x86 64bit/MS Windows - 06/06/20 10:11:23 Page 20
or_report_1.1
E x e c u t i o n


----    106 SET k  index of num of currency

1 ,    2 ,    3 ,    4 ,    5 ,    6 ,    7 ,    8 ,    9 ,    10

GAMS 28.2.0  r750fa45 Released Aug 19, 2019 WEX-WEI x86 64bit/MS Windows - 06/06/20 10:11:23 Page 21
or_report_1.1
Equation Listing    SOLVE model_2_demo_1 Using LP From line 107


---- mode_io_2_fullfunc  =E=  

mode_io_2_fullfunc(1)..  x(1,1) + x(1,2) + x(1,3) + x(1,4) + x(1,5) - 0.980392156862745*x(2,1) - 0.973709834469328*x(3,1) - 0.952380952380952*x(4,1) - 0.942507068803016*x(5,1) =E= 3 ; (LHS = 2, INFES = 1 ****)
     
mode_io_2_fullfunc(2)..  - 0.96061479346782*x(1,2) + x(2,1) + x(2,2) + x(2,3) + x(2,4) + x(2,5) - 0.965250965250965*x(3,2) - 0.943396226415094*x(4,2) - 0.945179584120983*x(5,2) =E= 0 ; (LHS = 0)
     
mode_io_2_fullfunc(3)..  - 0.967117988394584*x(1,3) - 0.982318271119843*x(2,3) + x(3,1) + x(3,2) + x(3,3) + x(3,4) + x(3,5) - 0.950570342205323*x(4,3) - 0.946073793755913*x(5,3) =E= 0 ; (LHS = 0)
     
REMAINING 2 ENTRIES SKIPPED


---- tube_io  =L=  max flow of tube

tube_io(1,1)..  x(1,1) =L= 0 ; (LHS = 0)
     
tube_io(1,2)..  x(1,2) =L= 100 ; (LHS = 0)
     
tube_io(1,3)..  x(1,3) =L= 100 ; (LHS = 0)
     
REMAINING 22 ENTRIES SKIPPED

GAMS 28.2.0  r750fa45 Released Aug 19, 2019 WEX-WEI x86 64bit/MS Windows - 06/06/20 10:11:23 Page 22
or_report_1.1
Column Listing      SOLVE model_2_demo_1 Using LP From line 107


---- x  tube from i to j

x(1,1)
                (.LO, .L, .UP, .M = 0, 0, +INF, -0.956022944550669)
        1       mode_io_2_fullfunc(1)
        1       tube_io(1,1)

x(1,2)
                (.LO, .L, .UP, .M = 0, 0, +INF, 0)
        1       mode_io_2_fullfunc(1)
       -0.9606  mode_io_2_fullfunc(2)
        1       tube_io(1,2)

x(1,3)
                (.LO, .L, .UP, .M = 0, 0, +INF, -0.0269736651494921)
        1       mode_io_2_fullfunc(1)
       -0.9671  mode_io_2_fullfunc(3)
        1       tube_io(1,3)

REMAINING 22 ENTRIES SKIPPED

---- f  maxflow

f
                (.LO, .L, .UP, .M = -INF, 1.91204588910134, +INF, 0)
        1       mode_io_2_fullfunc(5)

GAMS 28.2.0  r750fa45 Released Aug 19, 2019 WEX-WEI x86 64bit/MS Windows - 06/06/20 10:11:23 Page 23
or_report_1.1
Model Statistics    SOLVE model_2_demo_1 Using LP From line 107


LOOPS                                    k   3


MODEL STATISTICS

BLOCKS OF EQUATIONS           2     SINGLE EQUATIONS           30
BLOCKS OF VARIABLES           2     SINGLE VARIABLES           26
NON ZERO ELEMENTS            71


GENERATION TIME      =        0.000 SECONDS      3 MB  28.2.0 r750fa45 WEX-WEI


EXECUTION TIME       =        0.000 SECONDS      3 MB  28.2.0 r750fa45 WEX-WEI
               L O O P S                  k 3

GAMS 28.2.0  r750fa45 Released Aug 19, 2019 WEX-WEI x86 64bit/MS Windows - 06/06/20 10:11:23 Page 24
or_report_1.1
Solution Report     SOLVE model_2_demo_1 Using LP From line 107


               S O L V E      S U M M A R Y

     MODEL   model_2_demo_1      OBJECTIVE  f
     TYPE    LP                  DIRECTION  MAXIMIZE
     SOLVER  CPLEX               FROM LINE  107

**** SOLVER STATUS     1 Normal Completion         
**** MODEL STATUS      1 Optimal                   
**** OBJECTIVE VALUE                2.8681

 RESOURCE USAGE, LIMIT          0.000      1000.000
 ITERATION COUNT, LIMIT         4    2000000000

IBM ILOG CPLEX   28.2.0 r750fa45 Released Aug 19, 2019 WEI x86 64bit/MS Window
Cplex 12.9.0.0

Space for names approximately 0.00 Mb
Use option 'names no' to turn use of names off
LP status(1): optimal
Cplex Time: 0.00sec (det. 0.04 ticks)
Optimal solution found.
Objective :           2.868069


---- EQU mode_io_2_fullfunc  

         LOWER          LEVEL          UPPER         MARGINAL

1         3.0000         3.0000         3.0000         0.9560      
2          .              .              .             0.9952      
3          .              .              .             0.9606      
4          .              .              .             0.9828      
5          .              .              .             1.0000      

---- EQU tube_io  max flow of tube

           LOWER          LEVEL          UPPER         MARGINAL

1.1        -INF             .              .              .          
1.2        -INF             .           100.0000          .          
1.3        -INF             .           100.0000          .          
1.4        -INF             .           100.0000          .          
1.5        -INF            3.0000       100.0000          .          
2.1        -INF             .           100.0000          .          
2.2        -INF             .              .              .          
2.3        -INF             .           100.0000          .          
2.4        -INF             .           100.0000          .          
2.5        -INF             .           100.0000          .          
3.1        -INF             .           100.0000          .          
3.2        -INF             .           100.0000          .          
3.3        -INF             .              .              .          
3.4        -INF             .           100.0000          .          
3.5        -INF             .           100.0000          .          
4.1        -INF             .           100.0000          .          
4.2        -INF             .           100.0000          .          
4.3        -INF             .           100.0000          .          
4.4        -INF             .              .              .          
4.5        -INF             .           100.0000          .          
5.1        -INF             .           100.0000          .          
5.2        -INF             .           100.0000          .          
5.3        -INF             .           100.0000          .          
5.4        -INF             .           100.0000          .          
5.5        -INF             .              .              .          

---- VAR x  tube from i to j

           LOWER          LEVEL          UPPER         MARGINAL

1.1          .              .            +INF           -0.9560      
1.2          .              .            +INF             .          
1.3          .              .            +INF           -0.0270      
1.4          .              .            +INF             .          
1.5          .             3.0000        +INF             .          
2.1          .              .            +INF           -0.0579      
2.2          .              .            +INF           -0.9952      
2.3          .              .            +INF           -0.0516      
2.4          .              .            +INF           -0.0511      
2.5          .              .            +INF           -0.0554      
3.1          .              .            +INF           -0.0297      
3.2          .              .            +INF             .          
3.3          .              .            +INF           -0.9606      
3.4          .              .            +INF           -0.0361      
3.5          .              .            +INF           -0.0269      
4.1          .              .            +INF           -0.0723      
4.2          .              .            +INF           -0.0439      
4.3          .              .            +INF           -0.0696      
4.4          .              .            +INF           -0.9828      
4.5          .              .            +INF           -0.0456      
5.1          .              .            +INF           -0.0989      
5.2          .              .            +INF           -0.0593      
5.3          .              .            +INF           -0.0912      
5.4          .              .            +INF           -0.0917      
5.5          .              .            +INF           -1.0000      

                           LOWER          LEVEL          UPPER         MARGINAL

---- VAR f                 -INF            2.8681        +INF             .          

  f  maxflow


**** REPORT SUMMARY :        0     NONOPT
                             0 INFEASIBLE
                             0  UNBOUNDED
GAMS 28.2.0  r750fa45 Released Aug 19, 2019 WEX-WEI x86 64bit/MS Windows - 06/06/20 10:11:23 Page 25
or_report_1.1
E x e c u t i o n


----    106 SET k  index of num of currency

1 ,    2 ,    3 ,    4 ,    5 ,    6 ,    7 ,    8 ,    9 ,    10

GAMS 28.2.0  r750fa45 Released Aug 19, 2019 WEX-WEI x86 64bit/MS Windows - 06/06/20 10:11:23 Page 26
or_report_1.1
Equation Listing    SOLVE model_2_demo_1 Using LP From line 107


---- mode_io_2_fullfunc  =E=  

mode_io_2_fullfunc(1)..  x(1,1) + x(1,2) + x(1,3) + x(1,4) + x(1,5) - 0.980392156862745*x(2,1) - 0.973709834469328*x(3,1) - 0.952380952380952*x(4,1) - 0.942507068803016*x(5,1) =E= 4 ; (LHS = 3, INFES = 1 ****)
     
mode_io_2_fullfunc(2)..  - 0.96061479346782*x(1,2) + x(2,1) + x(2,2) + x(2,3) + x(2,4) + x(2,5) - 0.965250965250965*x(3,2) - 0.943396226415094*x(4,2) - 0.945179584120983*x(5,2) =E= 0 ; (LHS = 0)
     
mode_io_2_fullfunc(3)..  - 0.967117988394584*x(1,3) - 0.982318271119843*x(2,3) + x(3,1) + x(3,2) + x(3,3) + x(3,4) + x(3,5) - 0.950570342205323*x(4,3) - 0.946073793755913*x(5,3) =E= 0 ; (LHS = 0)
     
REMAINING 2 ENTRIES SKIPPED


---- tube_io  =L=  max flow of tube

tube_io(1,1)..  x(1,1) =L= 0 ; (LHS = 0)
     
tube_io(1,2)..  x(1,2) =L= 100 ; (LHS = 0)
     
tube_io(1,3)..  x(1,3) =L= 100 ; (LHS = 0)
     
REMAINING 22 ENTRIES SKIPPED

GAMS 28.2.0  r750fa45 Released Aug 19, 2019 WEX-WEI x86 64bit/MS Windows - 06/06/20 10:11:23 Page 27
or_report_1.1
Column Listing      SOLVE model_2_demo_1 Using LP From line 107


---- x  tube from i to j

x(1,1)
                (.LO, .L, .UP, .M = 0, 0, +INF, -0.956022944550669)
        1       mode_io_2_fullfunc(1)
        1       tube_io(1,1)

x(1,2)
                (.LO, .L, .UP, .M = 0, 0, +INF, 0)
        1       mode_io_2_fullfunc(1)
       -0.9606  mode_io_2_fullfunc(2)
        1       tube_io(1,2)

x(1,3)
                (.LO, .L, .UP, .M = 0, 0, +INF, -0.0269736651494921)
        1       mode_io_2_fullfunc(1)
       -0.9671  mode_io_2_fullfunc(3)
        1       tube_io(1,3)

REMAINING 22 ENTRIES SKIPPED

---- f  maxflow

f
                (.LO, .L, .UP, .M = -INF, 2.86806883365201, +INF, 0)
        1       mode_io_2_fullfunc(5)

GAMS 28.2.0  r750fa45 Released Aug 19, 2019 WEX-WEI x86 64bit/MS Windows - 06/06/20 10:11:23 Page 28
or_report_1.1
Model Statistics    SOLVE model_2_demo_1 Using LP From line 107


LOOPS                                    k   4


MODEL STATISTICS

BLOCKS OF EQUATIONS           2     SINGLE EQUATIONS           30
BLOCKS OF VARIABLES           2     SINGLE VARIABLES           26
NON ZERO ELEMENTS            71


GENERATION TIME      =        0.000 SECONDS      3 MB  28.2.0 r750fa45 WEX-WEI


EXECUTION TIME       =        0.000 SECONDS      3 MB  28.2.0 r750fa45 WEX-WEI
               L O O P S                  k 4

GAMS 28.2.0  r750fa45 Released Aug 19, 2019 WEX-WEI x86 64bit/MS Windows - 06/06/20 10:11:23 Page 29
or_report_1.1
Solution Report     SOLVE model_2_demo_1 Using LP From line 107


               S O L V E      S U M M A R Y

     MODEL   model_2_demo_1      OBJECTIVE  f
     TYPE    LP                  DIRECTION  MAXIMIZE
     SOLVER  CPLEX               FROM LINE  107

**** SOLVER STATUS     1 Normal Completion         
**** MODEL STATUS      1 Optimal                   
**** OBJECTIVE VALUE                3.8241

 RESOURCE USAGE, LIMIT          0.000      1000.000
 ITERATION COUNT, LIMIT         4    2000000000

IBM ILOG CPLEX   28.2.0 r750fa45 Released Aug 19, 2019 WEI x86 64bit/MS Window
Cplex 12.9.0.0

Space for names approximately 0.00 Mb
Use option 'names no' to turn use of names off
LP status(1): optimal
Cplex Time: 0.00sec (det. 0.04 ticks)
Optimal solution found.
Objective :           3.824092


---- EQU mode_io_2_fullfunc  

         LOWER          LEVEL          UPPER         MARGINAL

1         4.0000         4.0000         4.0000         0.9560      
2          .              .              .             0.9952      
3          .              .              .             0.9606      
4          .              .              .             0.9389      
5          .              .              .             1.0000      

---- EQU tube_io  max flow of tube

           LOWER          LEVEL          UPPER         MARGINAL

1.1        -INF             .              .              .          
1.2        -INF             .           100.0000          .          
1.3        -INF             .           100.0000          .          
1.4        -INF             .           100.0000          .          
1.5        -INF            4.0000       100.0000          .          
2.1        -INF             .           100.0000          .          
2.2        -INF             .              .              .          
2.3        -INF             .           100.0000          .          
2.4        -INF             .           100.0000          .          
2.5        -INF             .           100.0000          .          
3.1        -INF             .           100.0000          .          
3.2        -INF             .           100.0000          .          
3.3        -INF             .              .              .          
3.4        -INF             .           100.0000          .          
3.5        -INF             .           100.0000          .          
4.1        -INF             .           100.0000          .          
4.2        -INF             .           100.0000          .          
4.3        -INF             .           100.0000          .          
4.4        -INF             .              .              .          
4.5        -INF             .           100.0000          .          
5.1        -INF             .           100.0000          .          
5.2        -INF             .           100.0000          .          
5.3        -INF             .           100.0000          .          
5.4        -INF             .           100.0000          .          
5.5        -INF             .              .              .          

---- VAR x  tube from i to j

           LOWER          LEVEL          UPPER         MARGINAL

1.1          .              .            +INF           -0.9560      
1.2          .              .            +INF             .          
1.3          .              .            +INF           -0.0270      
1.4          .              .            +INF           -0.0427      
1.5          .             4.0000        +INF             .          
2.1          .              .            +INF           -0.0579      
2.2          .              .            +INF           -0.9952      
2.3          .              .            +INF           -0.0516      
2.4          .              .            +INF           -0.0933      
2.5          .              .            +INF           -0.0554      
3.1          .              .            +INF           -0.0297      
3.2          .              .            +INF             .          
3.3          .              .            +INF           -0.9606      
3.4          .              .            +INF           -0.0774      
3.5          .              .            +INF           -0.0269      
4.1          .              .            +INF           -0.0284      
4.2          .              .            +INF             .          
4.3          .              .            +INF           -0.0257      
4.4          .              .            +INF           -0.9389      
4.5          .              .            +INF           -0.0017      
5.1          .              .            +INF           -0.0989      
5.2          .              .            +INF           -0.0593      
5.3          .              .            +INF           -0.0912      
5.4          .              .            +INF           -0.1323      
5.5          .              .            +INF           -1.0000      

                           LOWER          LEVEL          UPPER         MARGINAL

---- VAR f                 -INF            3.8241        +INF             .          

  f  maxflow


**** REPORT SUMMARY :        0     NONOPT
                             0 INFEASIBLE
                             0  UNBOUNDED
GAMS 28.2.0  r750fa45 Released Aug 19, 2019 WEX-WEI x86 64bit/MS Windows - 06/06/20 10:11:23 Page 30
or_report_1.1
E x e c u t i o n


----    106 SET k  index of num of currency

1 ,    2 ,    3 ,    4 ,    5 ,    6 ,    7 ,    8 ,    9 ,    10

GAMS 28.2.0  r750fa45 Released Aug 19, 2019 WEX-WEI x86 64bit/MS Windows - 06/06/20 10:11:23 Page 31
or_report_1.1
Equation Listing    SOLVE model_2_demo_1 Using LP From line 107


---- mode_io_2_fullfunc  =E=  

mode_io_2_fullfunc(1)..  x(1,1) + x(1,2) + x(1,3) + x(1,4) + x(1,5) - 0.980392156862745*x(2,1) - 0.973709834469328*x(3,1) - 0.952380952380952*x(4,1) - 0.942507068803016*x(5,1) =E= 5 ; (LHS = 4, INFES = 1 ****)
     
mode_io_2_fullfunc(2)..  - 0.96061479346782*x(1,2) + x(2,1) + x(2,2) + x(2,3) + x(2,4) + x(2,5) - 0.965250965250965*x(3,2) - 0.943396226415094*x(4,2) - 0.945179584120983*x(5,2) =E= 0 ; (LHS = 0)
     
mode_io_2_fullfunc(3)..  - 0.967117988394584*x(1,3) - 0.982318271119843*x(2,3) + x(3,1) + x(3,2) + x(3,3) + x(3,4) + x(3,5) - 0.950570342205323*x(4,3) - 0.946073793755913*x(5,3) =E= 0 ; (LHS = 0)
     
REMAINING 2 ENTRIES SKIPPED


---- tube_io  =L=  max flow of tube

tube_io(1,1)..  x(1,1) =L= 0 ; (LHS = 0)
     
tube_io(1,2)..  x(1,2) =L= 100 ; (LHS = 0)
     
tube_io(1,3)..  x(1,3) =L= 100 ; (LHS = 0)
     
REMAINING 22 ENTRIES SKIPPED

GAMS 28.2.0  r750fa45 Released Aug 19, 2019 WEX-WEI x86 64bit/MS Windows - 06/06/20 10:11:23 Page 32
or_report_1.1
Column Listing      SOLVE model_2_demo_1 Using LP From line 107


---- x  tube from i to j

x(1,1)
                (.LO, .L, .UP, .M = 0, 0, +INF, -0.956022944550669)
        1       mode_io_2_fullfunc(1)
        1       tube_io(1,1)

x(1,2)
                (.LO, .L, .UP, .M = 0, 0, +INF, 0)
        1       mode_io_2_fullfunc(1)
       -0.9606  mode_io_2_fullfunc(2)
        1       tube_io(1,2)

x(1,3)
                (.LO, .L, .UP, .M = 0, 0, +INF, -0.0269736651494921)
        1       mode_io_2_fullfunc(1)
       -0.9671  mode_io_2_fullfunc(3)
        1       tube_io(1,3)

REMAINING 22 ENTRIES SKIPPED

---- f  maxflow

f
                (.LO, .L, .UP, .M = -INF, 3.82409177820268, +INF, 0)
        1       mode_io_2_fullfunc(5)

GAMS 28.2.0  r750fa45 Released Aug 19, 2019 WEX-WEI x86 64bit/MS Windows - 06/06/20 10:11:23 Page 33
or_report_1.1
Model Statistics    SOLVE model_2_demo_1 Using LP From line 107


LOOPS                                    k   5


MODEL STATISTICS

BLOCKS OF EQUATIONS           2     SINGLE EQUATIONS           30
BLOCKS OF VARIABLES           2     SINGLE VARIABLES           26
NON ZERO ELEMENTS            71


GENERATION TIME      =        0.000 SECONDS      3 MB  28.2.0 r750fa45 WEX-WEI


EXECUTION TIME       =        0.000 SECONDS      3 MB  28.2.0 r750fa45 WEX-WEI
               L O O P S                  k 5

GAMS 28.2.0  r750fa45 Released Aug 19, 2019 WEX-WEI x86 64bit/MS Windows - 06/06/20 10:11:23 Page 34
or_report_1.1
Solution Report     SOLVE model_2_demo_1 Using LP From line 107


               S O L V E      S U M M A R Y

     MODEL   model_2_demo_1      OBJECTIVE  f
     TYPE    LP                  DIRECTION  MAXIMIZE
     SOLVER  CPLEX               FROM LINE  107

**** SOLVER STATUS     1 Normal Completion         
**** MODEL STATUS      1 Optimal                   
**** OBJECTIVE VALUE                4.7801

 RESOURCE USAGE, LIMIT          0.015      1000.000
 ITERATION COUNT, LIMIT         4    2000000000

IBM ILOG CPLEX   28.2.0 r750fa45 Released Aug 19, 2019 WEI x86 64bit/MS Window
Cplex 12.9.0.0

Space for names approximately 0.00 Mb
Use option 'names no' to turn use of names off
LP status(1): optimal
Cplex Time: 0.00sec (det. 0.04 ticks)
Optimal solution found.
Objective :           4.780115


---- EQU mode_io_2_fullfunc  

         LOWER          LEVEL          UPPER         MARGINAL

1         5.0000         5.0000         5.0000         0.9560      
2          .              .              .             0.9952      
3          .              .              .             0.9606      
4          .              .              .             0.9828      
5          .              .              .             1.0000      

---- EQU tube_io  max flow of tube

           LOWER          LEVEL          UPPER         MARGINAL

1.1        -INF             .              .              .          
1.2        -INF             .           100.0000          .          
1.3        -INF             .           100.0000          .          
1.4        -INF             .           100.0000          .          
1.5        -INF            5.0000       100.0000          .          
2.1        -INF             .           100.0000          .          
2.2        -INF             .              .              .          
2.3        -INF             .           100.0000          .          
2.4        -INF             .           100.0000          .          
2.5        -INF             .           100.0000          .          
3.1        -INF             .           100.0000          .          
3.2        -INF             .           100.0000          .          
3.3        -INF             .              .              .          
3.4        -INF             .           100.0000          .          
3.5        -INF             .           100.0000          .          
4.1        -INF             .           100.0000          .          
4.2        -INF             .           100.0000          .          
4.3        -INF             .           100.0000          .          
4.4        -INF             .              .              .          
4.5        -INF             .           100.0000          .          
5.1        -INF             .           100.0000          .          
5.2        -INF             .           100.0000          .          
5.3        -INF             .           100.0000          .          
5.4        -INF             .           100.0000          .          
5.5        -INF             .              .              .          

---- VAR x  tube from i to j

           LOWER          LEVEL          UPPER         MARGINAL

1.1          .              .            +INF           -0.9560      
1.2          .              .            +INF             .          
1.3          .              .            +INF           -0.0270      
1.4          .              .            +INF             .          
1.5          .             5.0000        +INF             .          
2.1          .              .            +INF           -0.0579      
2.2          .              .            +INF           -0.9952      
2.3          .              .            +INF           -0.0516      
2.4          .              .            +INF           -0.0511      
2.5          .              .            +INF           -0.0554      
3.1          .              .            +INF           -0.0297      
3.2          .              .            +INF             .          
3.3          .              .            +INF           -0.9606      
3.4          .              .            +INF           -0.0361      
3.5          .              .            +INF           -0.0269      
4.1          .              .            +INF           -0.0723      
4.2          .              .            +INF           -0.0439      
4.3          .              .            +INF           -0.0696      
4.4          .              .            +INF           -0.9828      
4.5          .              .            +INF           -0.0456      
5.1          .              .            +INF           -0.0989      
5.2          .              .            +INF           -0.0593      
5.3          .              .            +INF           -0.0912      
5.4          .              .            +INF           -0.0917      
5.5          .              .            +INF           -1.0000      

                           LOWER          LEVEL          UPPER         MARGINAL

---- VAR f                 -INF            4.7801        +INF             .          

  f  maxflow


**** REPORT SUMMARY :        0     NONOPT
                             0 INFEASIBLE
                             0  UNBOUNDED
GAMS 28.2.0  r750fa45 Released Aug 19, 2019 WEX-WEI x86 64bit/MS Windows - 06/06/20 10:11:23 Page 35
or_report_1.1
E x e c u t i o n


----    106 SET k  index of num of currency

1 ,    2 ,    3 ,    4 ,    5 ,    6 ,    7 ,    8 ,    9 ,    10

GAMS 28.2.0  r750fa45 Released Aug 19, 2019 WEX-WEI x86 64bit/MS Windows - 06/06/20 10:11:23 Page 36
or_report_1.1
Equation Listing    SOLVE model_2_demo_1 Using LP From line 107


---- mode_io_2_fullfunc  =E=  

mode_io_2_fullfunc(1)..  x(1,1) + x(1,2) + x(1,3) + x(1,4) + x(1,5) - 0.980392156862745*x(2,1) - 0.973709834469328*x(3,1) - 0.952380952380952*x(4,1) - 0.942507068803016*x(5,1) =E= 6 ; (LHS = 5, INFES = 1 ****)
     
mode_io_2_fullfunc(2)..  - 0.96061479346782*x(1,2) + x(2,1) + x(2,2) + x(2,3) + x(2,4) + x(2,5) - 0.965250965250965*x(3,2) - 0.943396226415094*x(4,2) - 0.945179584120983*x(5,2) =E= 0 ; (LHS = 0)
     
mode_io_2_fullfunc(3)..  - 0.967117988394584*x(1,3) - 0.982318271119843*x(2,3) + x(3,1) + x(3,2) + x(3,3) + x(3,4) + x(3,5) - 0.950570342205323*x(4,3) - 0.946073793755913*x(5,3) =E= 0 ; (LHS = 0)
     
REMAINING 2 ENTRIES SKIPPED


---- tube_io  =L=  max flow of tube

tube_io(1,1)..  x(1,1) =L= 0 ; (LHS = 0)
     
tube_io(1,2)..  x(1,2) =L= 100 ; (LHS = 0)
     
tube_io(1,3)..  x(1,3) =L= 100 ; (LHS = 0)
     
REMAINING 22 ENTRIES SKIPPED

GAMS 28.2.0  r750fa45 Released Aug 19, 2019 WEX-WEI x86 64bit/MS Windows - 06/06/20 10:11:23 Page 37
or_report_1.1
Column Listing      SOLVE model_2_demo_1 Using LP From line 107


---- x  tube from i to j

x(1,1)
                (.LO, .L, .UP, .M = 0, 0, +INF, -0.956022944550669)
        1       mode_io_2_fullfunc(1)
        1       tube_io(1,1)

x(1,2)
                (.LO, .L, .UP, .M = 0, 0, +INF, 0)
        1       mode_io_2_fullfunc(1)
       -0.9606  mode_io_2_fullfunc(2)
        1       tube_io(1,2)

x(1,3)
                (.LO, .L, .UP, .M = 0, 0, +INF, -0.0269736651494921)
        1       mode_io_2_fullfunc(1)
       -0.9671  mode_io_2_fullfunc(3)
        1       tube_io(1,3)

REMAINING 22 ENTRIES SKIPPED

---- f  maxflow

f
                (.LO, .L, .UP, .M = -INF, 4.78011472275335, +INF, 0)
        1       mode_io_2_fullfunc(5)

GAMS 28.2.0  r750fa45 Released Aug 19, 2019 WEX-WEI x86 64bit/MS Windows - 06/06/20 10:11:23 Page 38
or_report_1.1
Model Statistics    SOLVE model_2_demo_1 Using LP From line 107


LOOPS                                    k   6


MODEL STATISTICS

BLOCKS OF EQUATIONS           2     SINGLE EQUATIONS           30
BLOCKS OF VARIABLES           2     SINGLE VARIABLES           26
NON ZERO ELEMENTS            71


GENERATION TIME      =        0.000 SECONDS      3 MB  28.2.0 r750fa45 WEX-WEI


EXECUTION TIME       =        0.000 SECONDS      3 MB  28.2.0 r750fa45 WEX-WEI
               L O O P S                  k 6

GAMS 28.2.0  r750fa45 Released Aug 19, 2019 WEX-WEI x86 64bit/MS Windows - 06/06/20 10:11:23 Page 39
or_report_1.1
Solution Report     SOLVE model_2_demo_1 Using LP From line 107


               S O L V E      S U M M A R Y

     MODEL   model_2_demo_1      OBJECTIVE  f
     TYPE    LP                  DIRECTION  MAXIMIZE
     SOLVER  CPLEX               FROM LINE  107

**** SOLVER STATUS     1 Normal Completion         
**** MODEL STATUS      1 Optimal                   
**** OBJECTIVE VALUE                5.7361

 RESOURCE USAGE, LIMIT          0.016      1000.000
 ITERATION COUNT, LIMIT         4    2000000000

IBM ILOG CPLEX   28.2.0 r750fa45 Released Aug 19, 2019 WEI x86 64bit/MS Window
Cplex 12.9.0.0

Space for names approximately 0.00 Mb
Use option 'names no' to turn use of names off
LP status(1): optimal
Cplex Time: 0.02sec (det. 0.04 ticks)
Optimal solution found.
Objective :           5.736138


---- EQU mode_io_2_fullfunc  

         LOWER          LEVEL          UPPER         MARGINAL

1         6.0000         6.0000         6.0000         0.9560      
2          .              .              .             0.9952      
3          .              .              .             0.9606      
4          .              .              .             0.9828      
5          .              .              .             1.0000      

---- EQU tube_io  max flow of tube

           LOWER          LEVEL          UPPER         MARGINAL

1.1        -INF             .              .              .          
1.2        -INF             .           100.0000          .          
1.3        -INF             .           100.0000          .          
1.4        -INF             .           100.0000          .          
1.5        -INF            6.0000       100.0000          .          
2.1        -INF             .           100.0000          .          
2.2        -INF             .              .              .          
2.3        -INF             .           100.0000          .          
2.4        -INF             .           100.0000          .          
2.5        -INF             .           100.0000          .          
3.1        -INF             .           100.0000          .          
3.2        -INF             .           100.0000          .          
3.3        -INF             .              .              .          
3.4        -INF             .           100.0000          .          
3.5        -INF             .           100.0000          .          
4.1        -INF             .           100.0000          .          
4.2        -INF             .           100.0000          .          
4.3        -INF             .           100.0000          .          
4.4        -INF             .              .              .          
4.5        -INF             .           100.0000          .          
5.1        -INF             .           100.0000          .          
5.2        -INF             .           100.0000          .          
5.3        -INF             .           100.0000          .          
5.4        -INF             .           100.0000          .          
5.5        -INF             .              .              .          

---- VAR x  tube from i to j

           LOWER          LEVEL          UPPER         MARGINAL

1.1          .              .            +INF           -0.9560      
1.2          .              .            +INF             .          
1.3          .              .            +INF           -0.0270      
1.4          .              .            +INF             .          
1.5          .             6.0000        +INF             .          
2.1          .              .            +INF           -0.0579      
2.2          .              .            +INF           -0.9952      
2.3          .              .            +INF           -0.0516      
2.4          .              .            +INF           -0.0511      
2.5          .              .            +INF           -0.0554      
3.1          .              .            +INF           -0.0297      
3.2          .              .            +INF             .          
3.3          .              .            +INF           -0.9606      
3.4          .              .            +INF           -0.0361      
3.5          .              .            +INF           -0.0269      
4.1          .              .            +INF           -0.0723      
4.2          .              .            +INF           -0.0439      
4.3          .              .            +INF           -0.0696      
4.4          .              .            +INF           -0.9828      
4.5          .              .            +INF           -0.0456      
5.1          .              .            +INF           -0.0989      
5.2          .              .            +INF           -0.0593      
5.3          .              .            +INF           -0.0912      
5.4          .              .            +INF           -0.0917      
5.5          .              .            +INF           -1.0000      

                           LOWER          LEVEL          UPPER         MARGINAL

---- VAR f                 -INF            5.7361        +INF             .          

  f  maxflow


**** REPORT SUMMARY :        0     NONOPT
                             0 INFEASIBLE
                             0  UNBOUNDED
GAMS 28.2.0  r750fa45 Released Aug 19, 2019 WEX-WEI x86 64bit/MS Windows - 06/06/20 10:11:23 Page 40
or_report_1.1
E x e c u t i o n


----    106 SET k  index of num of currency

1 ,    2 ,    3 ,    4 ,    5 ,    6 ,    7 ,    8 ,    9 ,    10

GAMS 28.2.0  r750fa45 Released Aug 19, 2019 WEX-WEI x86 64bit/MS Windows - 06/06/20 10:11:23 Page 41
or_report_1.1
Equation Listing    SOLVE model_2_demo_1 Using LP From line 107


---- mode_io_2_fullfunc  =E=  

mode_io_2_fullfunc(1)..  x(1,1) + x(1,2) + x(1,3) + x(1,4) + x(1,5) - 0.980392156862745*x(2,1) - 0.973709834469328*x(3,1) - 0.952380952380952*x(4,1) - 0.942507068803016*x(5,1) =E= 7 ; (LHS = 6, INFES = 1 ****)
     
mode_io_2_fullfunc(2)..  - 0.96061479346782*x(1,2) + x(2,1) + x(2,2) + x(2,3) + x(2,4) + x(2,5) - 0.965250965250965*x(3,2) - 0.943396226415094*x(4,2) - 0.945179584120983*x(5,2) =E= 0 ; (LHS = 0)
     
mode_io_2_fullfunc(3)..  - 0.967117988394584*x(1,3) - 0.982318271119843*x(2,3) + x(3,1) + x(3,2) + x(3,3) + x(3,4) + x(3,5) - 0.950570342205323*x(4,3) - 0.946073793755913*x(5,3) =E= 0 ; (LHS = 0)
     
REMAINING 2 ENTRIES SKIPPED


---- tube_io  =L=  max flow of tube

tube_io(1,1)..  x(1,1) =L= 0 ; (LHS = 0)
     
tube_io(1,2)..  x(1,2) =L= 100 ; (LHS = 0)
     
tube_io(1,3)..  x(1,3) =L= 100 ; (LHS = 0)
     
REMAINING 22 ENTRIES SKIPPED

GAMS 28.2.0  r750fa45 Released Aug 19, 2019 WEX-WEI x86 64bit/MS Windows - 06/06/20 10:11:23 Page 42
or_report_1.1
Column Listing      SOLVE model_2_demo_1 Using LP From line 107


---- x  tube from i to j

x(1,1)
                (.LO, .L, .UP, .M = 0, 0, +INF, -0.956022944550669)
        1       mode_io_2_fullfunc(1)
        1       tube_io(1,1)

x(1,2)
                (.LO, .L, .UP, .M = 0, 0, +INF, 0)
        1       mode_io_2_fullfunc(1)
       -0.9606  mode_io_2_fullfunc(2)
        1       tube_io(1,2)

x(1,3)
                (.LO, .L, .UP, .M = 0, 0, +INF, -0.0269736651494921)
        1       mode_io_2_fullfunc(1)
       -0.9671  mode_io_2_fullfunc(3)
        1       tube_io(1,3)

REMAINING 22 ENTRIES SKIPPED

---- f  maxflow

f
                (.LO, .L, .UP, .M = -INF, 5.73613766730401, +INF, 0)
        1       mode_io_2_fullfunc(5)

GAMS 28.2.0  r750fa45 Released Aug 19, 2019 WEX-WEI x86 64bit/MS Windows - 06/06/20 10:11:23 Page 43
or_report_1.1
Model Statistics    SOLVE model_2_demo_1 Using LP From line 107


LOOPS                                    k   7


MODEL STATISTICS

BLOCKS OF EQUATIONS           2     SINGLE EQUATIONS           30
BLOCKS OF VARIABLES           2     SINGLE VARIABLES           26
NON ZERO ELEMENTS            71


GENERATION TIME      =        0.015 SECONDS      3 MB  28.2.0 r750fa45 WEX-WEI


EXECUTION TIME       =        0.015 SECONDS      3 MB  28.2.0 r750fa45 WEX-WEI
               L O O P S                  k 7

GAMS 28.2.0  r750fa45 Released Aug 19, 2019 WEX-WEI x86 64bit/MS Windows - 06/06/20 10:11:23 Page 44
or_report_1.1
Solution Report     SOLVE model_2_demo_1 Using LP From line 107


               S O L V E      S U M M A R Y

     MODEL   model_2_demo_1      OBJECTIVE  f
     TYPE    LP                  DIRECTION  MAXIMIZE
     SOLVER  CPLEX               FROM LINE  107

**** SOLVER STATUS     1 Normal Completion         
**** MODEL STATUS      1 Optimal                   
**** OBJECTIVE VALUE                6.6922

 RESOURCE USAGE, LIMIT          0.016      1000.000
 ITERATION COUNT, LIMIT         4    2000000000

IBM ILOG CPLEX   28.2.0 r750fa45 Released Aug 19, 2019 WEI x86 64bit/MS Window
Cplex 12.9.0.0

Space for names approximately 0.00 Mb
Use option 'names no' to turn use of names off
LP status(1): optimal
Cplex Time: 0.00sec (det. 0.04 ticks)
Optimal solution found.
Objective :           6.692161


---- EQU mode_io_2_fullfunc  

         LOWER          LEVEL          UPPER         MARGINAL

1         7.0000         7.0000         7.0000         0.9560      
2          .              .              .             0.9952      
3          .              .              .             0.9606      
4          .              .              .             0.9828      
5          .              .              .             1.0000      

---- EQU tube_io  max flow of tube

           LOWER          LEVEL          UPPER         MARGINAL

1.1        -INF             .              .              .          
1.2        -INF             .           100.0000          .          
1.3        -INF             .           100.0000          .          
1.4        -INF             .           100.0000          .          
1.5        -INF            7.0000       100.0000          .          
2.1        -INF             .           100.0000          .          
2.2        -INF             .              .              .          
2.3        -INF             .           100.0000          .          
2.4        -INF             .           100.0000          .          
2.5        -INF             .           100.0000          .          
3.1        -INF             .           100.0000          .          
3.2        -INF             .           100.0000          .          
3.3        -INF             .              .              .          
3.4        -INF             .           100.0000          .          
3.5        -INF             .           100.0000          .          
4.1        -INF             .           100.0000          .          
4.2        -INF             .           100.0000          .          
4.3        -INF             .           100.0000          .          
4.4        -INF             .              .              .          
4.5        -INF             .           100.0000          .          
5.1        -INF             .           100.0000          .          
5.2        -INF             .           100.0000          .          
5.3        -INF             .           100.0000          .          
5.4        -INF             .           100.0000          .          
5.5        -INF             .              .              .          

---- VAR x  tube from i to j

           LOWER          LEVEL          UPPER         MARGINAL

1.1          .              .            +INF           -0.9560      
1.2          .              .            +INF             .          
1.3          .              .            +INF           -0.0270      
1.4          .              .            +INF             .          
1.5          .             7.0000        +INF             .          
2.1          .              .            +INF           -0.0579      
2.2          .              .            +INF           -0.9952      
2.3          .              .            +INF           -0.0516      
2.4          .              .            +INF           -0.0511      
2.5          .              .            +INF           -0.0554      
3.1          .              .            +INF           -0.0297      
3.2          .              .            +INF             .          
3.3          .              .            +INF           -0.9606      
3.4          .              .            +INF           -0.0361      
3.5          .              .            +INF           -0.0269      
4.1          .              .            +INF           -0.0723      
4.2          .              .            +INF           -0.0439      
4.3          .              .            +INF           -0.0696      
4.4          .              .            +INF           -0.9828      
4.5          .              .            +INF           -0.0456      
5.1          .              .            +INF           -0.0989      
5.2          .              .            +INF           -0.0593      
5.3          .              .            +INF           -0.0912      
5.4          .              .            +INF           -0.0917      
5.5          .              .            +INF           -1.0000      

                           LOWER          LEVEL          UPPER         MARGINAL

---- VAR f                 -INF            6.6922        +INF             .          

  f  maxflow


**** REPORT SUMMARY :        0     NONOPT
                             0 INFEASIBLE
                             0  UNBOUNDED
GAMS 28.2.0  r750fa45 Released Aug 19, 2019 WEX-WEI x86 64bit/MS Windows - 06/06/20 10:11:23 Page 45
or_report_1.1
E x e c u t i o n


----    106 SET k  index of num of currency

1 ,    2 ,    3 ,    4 ,    5 ,    6 ,    7 ,    8 ,    9 ,    10

GAMS 28.2.0  r750fa45 Released Aug 19, 2019 WEX-WEI x86 64bit/MS Windows - 06/06/20 10:11:23 Page 46
or_report_1.1
Equation Listing    SOLVE model_2_demo_1 Using LP From line 107


---- mode_io_2_fullfunc  =E=  

mode_io_2_fullfunc(1)..  x(1,1) + x(1,2) + x(1,3) + x(1,4) + x(1,5) - 0.980392156862745*x(2,1) - 0.973709834469328*x(3,1) - 0.952380952380952*x(4,1) - 0.942507068803016*x(5,1) =E= 8 ; (LHS = 7, INFES = 1 ****)
     
mode_io_2_fullfunc(2)..  - 0.96061479346782*x(1,2) + x(2,1) + x(2,2) + x(2,3) + x(2,4) + x(2,5) - 0.965250965250965*x(3,2) - 0.943396226415094*x(4,2) - 0.945179584120983*x(5,2) =E= 0 ; (LHS = 0)
     
mode_io_2_fullfunc(3)..  - 0.967117988394584*x(1,3) - 0.982318271119843*x(2,3) + x(3,1) + x(3,2) + x(3,3) + x(3,4) + x(3,5) - 0.950570342205323*x(4,3) - 0.946073793755913*x(5,3) =E= 0 ; (LHS = 0)
     
REMAINING 2 ENTRIES SKIPPED


---- tube_io  =L=  max flow of tube

tube_io(1,1)..  x(1,1) =L= 0 ; (LHS = 0)
     
tube_io(1,2)..  x(1,2) =L= 100 ; (LHS = 0)
     
tube_io(1,3)..  x(1,3) =L= 100 ; (LHS = 0)
     
REMAINING 22 ENTRIES SKIPPED

GAMS 28.2.0  r750fa45 Released Aug 19, 2019 WEX-WEI x86 64bit/MS Windows - 06/06/20 10:11:23 Page 47
or_report_1.1
Column Listing      SOLVE model_2_demo_1 Using LP From line 107


---- x  tube from i to j

x(1,1)
                (.LO, .L, .UP, .M = 0, 0, +INF, -0.956022944550669)
        1       mode_io_2_fullfunc(1)
        1       tube_io(1,1)

x(1,2)
                (.LO, .L, .UP, .M = 0, 0, +INF, 0)
        1       mode_io_2_fullfunc(1)
       -0.9606  mode_io_2_fullfunc(2)
        1       tube_io(1,2)

x(1,3)
                (.LO, .L, .UP, .M = 0, 0, +INF, -0.0269736651494921)
        1       mode_io_2_fullfunc(1)
       -0.9671  mode_io_2_fullfunc(3)
        1       tube_io(1,3)

REMAINING 22 ENTRIES SKIPPED

---- f  maxflow

f
                (.LO, .L, .UP, .M = -INF, 6.69216061185468, +INF, 0)
        1       mode_io_2_fullfunc(5)

GAMS 28.2.0  r750fa45 Released Aug 19, 2019 WEX-WEI x86 64bit/MS Windows - 06/06/20 10:11:23 Page 48
or_report_1.1
Model Statistics    SOLVE model_2_demo_1 Using LP From line 107


LOOPS                                    k   8


MODEL STATISTICS

BLOCKS OF EQUATIONS           2     SINGLE EQUATIONS           30
BLOCKS OF VARIABLES           2     SINGLE VARIABLES           26
NON ZERO ELEMENTS            71


GENERATION TIME      =        0.000 SECONDS      3 MB  28.2.0 r750fa45 WEX-WEI


EXECUTION TIME       =        0.000 SECONDS      3 MB  28.2.0 r750fa45 WEX-WEI
               L O O P S                  k 8

GAMS 28.2.0  r750fa45 Released Aug 19, 2019 WEX-WEI x86 64bit/MS Windows - 06/06/20 10:11:23 Page 49
or_report_1.1
Solution Report     SOLVE model_2_demo_1 Using LP From line 107


               S O L V E      S U M M A R Y

     MODEL   model_2_demo_1      OBJECTIVE  f
     TYPE    LP                  DIRECTION  MAXIMIZE
     SOLVER  CPLEX               FROM LINE  107

**** SOLVER STATUS     1 Normal Completion         
**** MODEL STATUS      1 Optimal                   
**** OBJECTIVE VALUE                7.6482

 RESOURCE USAGE, LIMIT          0.000      1000.000
 ITERATION COUNT, LIMIT         4    2000000000

IBM ILOG CPLEX   28.2.0 r750fa45 Released Aug 19, 2019 WEI x86 64bit/MS Window
Cplex 12.9.0.0

Space for names approximately 0.00 Mb
Use option 'names no' to turn use of names off
LP status(1): optimal
Cplex Time: 0.00sec (det. 0.04 ticks)
Optimal solution found.
Objective :           7.648184


---- EQU mode_io_2_fullfunc  

         LOWER          LEVEL          UPPER         MARGINAL

1         8.0000         8.0000         8.0000         0.9560      
2          .              .              .             0.9952      
3          .              .              .             0.9606      
4          .              .              .             0.9828      
5          .              .              .             1.0000      

---- EQU tube_io  max flow of tube

           LOWER          LEVEL          UPPER         MARGINAL

1.1        -INF             .              .              .          
1.2        -INF             .           100.0000          .          
1.3        -INF             .           100.0000          .          
1.4        -INF             .           100.0000          .          
1.5        -INF            8.0000       100.0000          .          
2.1        -INF             .           100.0000          .          
2.2        -INF             .              .              .          
2.3        -INF             .           100.0000          .          
2.4        -INF             .           100.0000          .          
2.5        -INF             .           100.0000          .          
3.1        -INF             .           100.0000          .          
3.2        -INF             .           100.0000          .          
3.3        -INF             .              .              .          
3.4        -INF             .           100.0000          .          
3.5        -INF             .           100.0000          .          
4.1        -INF             .           100.0000          .          
4.2        -INF             .           100.0000          .          
4.3        -INF             .           100.0000          .          
4.4        -INF             .              .              .          
4.5        -INF             .           100.0000          .          
5.1        -INF             .           100.0000          .          
5.2        -INF             .           100.0000          .          
5.3        -INF             .           100.0000          .          
5.4        -INF             .           100.0000          .          
5.5        -INF             .              .              .          

---- VAR x  tube from i to j

           LOWER          LEVEL          UPPER         MARGINAL

1.1          .              .            +INF           -0.9560      
1.2          .              .            +INF             .          
1.3          .              .            +INF           -0.0270      
1.4          .              .            +INF             .          
1.5          .             8.0000        +INF             .          
2.1          .              .            +INF           -0.0579      
2.2          .              .            +INF           -0.9952      
2.3          .              .            +INF           -0.0516      
2.4          .              .            +INF           -0.0511      
2.5          .              .            +INF           -0.0554      
3.1          .              .            +INF           -0.0297      
3.2          .              .            +INF             .          
3.3          .              .            +INF           -0.9606      
3.4          .              .            +INF           -0.0361      
3.5          .              .            +INF           -0.0269      
4.1          .              .            +INF           -0.0723      
4.2          .              .            +INF           -0.0439      
4.3          .              .            +INF           -0.0696      
4.4          .              .            +INF           -0.9828      
4.5          .              .            +INF           -0.0456      
5.1          .              .            +INF           -0.0989      
5.2          .              .            +INF           -0.0593      
5.3          .              .            +INF           -0.0912      
5.4          .              .            +INF           -0.0917      
5.5          .              .            +INF           -1.0000      

                           LOWER          LEVEL          UPPER         MARGINAL

---- VAR f                 -INF            7.6482        +INF             .          

  f  maxflow


**** REPORT SUMMARY :        0     NONOPT
                             0 INFEASIBLE
                             0  UNBOUNDED
GAMS 28.2.0  r750fa45 Released Aug 19, 2019 WEX-WEI x86 64bit/MS Windows - 06/06/20 10:11:23 Page 50
or_report_1.1
E x e c u t i o n


----    106 SET k  index of num of currency

1 ,    2 ,    3 ,    4 ,    5 ,    6 ,    7 ,    8 ,    9 ,    10

GAMS 28.2.0  r750fa45 Released Aug 19, 2019 WEX-WEI x86 64bit/MS Windows - 06/06/20 10:11:23 Page 51
or_report_1.1
Equation Listing    SOLVE model_2_demo_1 Using LP From line 107


---- mode_io_2_fullfunc  =E=  

mode_io_2_fullfunc(1)..  x(1,1) + x(1,2) + x(1,3) + x(1,4) + x(1,5) - 0.980392156862745*x(2,1) - 0.973709834469328*x(3,1) - 0.952380952380952*x(4,1) - 0.942507068803016*x(5,1) =E= 9 ; (LHS = 8, INFES = 1 ****)
     
mode_io_2_fullfunc(2)..  - 0.96061479346782*x(1,2) + x(2,1) + x(2,2) + x(2,3) + x(2,4) + x(2,5) - 0.965250965250965*x(3,2) - 0.943396226415094*x(4,2) - 0.945179584120983*x(5,2) =E= 0 ; (LHS = 0)
     
mode_io_2_fullfunc(3)..  - 0.967117988394584*x(1,3) - 0.982318271119843*x(2,3) + x(3,1) + x(3,2) + x(3,3) + x(3,4) + x(3,5) - 0.950570342205323*x(4,3) - 0.946073793755913*x(5,3) =E= 0 ; (LHS = 0)
     
REMAINING 2 ENTRIES SKIPPED


---- tube_io  =L=  max flow of tube

tube_io(1,1)..  x(1,1) =L= 0 ; (LHS = 0)
     
tube_io(1,2)..  x(1,2) =L= 100 ; (LHS = 0)
     
tube_io(1,3)..  x(1,3) =L= 100 ; (LHS = 0)
     
REMAINING 22 ENTRIES SKIPPED

GAMS 28.2.0  r750fa45 Released Aug 19, 2019 WEX-WEI x86 64bit/MS Windows - 06/06/20 10:11:23 Page 52
or_report_1.1
Column Listing      SOLVE model_2_demo_1 Using LP From line 107


---- x  tube from i to j

x(1,1)
                (.LO, .L, .UP, .M = 0, 0, +INF, -0.956022944550669)
        1       mode_io_2_fullfunc(1)
        1       tube_io(1,1)

x(1,2)
                (.LO, .L, .UP, .M = 0, 0, +INF, 0)
        1       mode_io_2_fullfunc(1)
       -0.9606  mode_io_2_fullfunc(2)
        1       tube_io(1,2)

x(1,3)
                (.LO, .L, .UP, .M = 0, 0, +INF, -0.0269736651494921)
        1       mode_io_2_fullfunc(1)
       -0.9671  mode_io_2_fullfunc(3)
        1       tube_io(1,3)

REMAINING 22 ENTRIES SKIPPED

---- f  maxflow

f
                (.LO, .L, .UP, .M = -INF, 7.64818355640535, +INF, 0)
        1       mode_io_2_fullfunc(5)

GAMS 28.2.0  r750fa45 Released Aug 19, 2019 WEX-WEI x86 64bit/MS Windows - 06/06/20 10:11:23 Page 53
or_report_1.1
Model Statistics    SOLVE model_2_demo_1 Using LP From line 107


LOOPS                                    k   9


MODEL STATISTICS

BLOCKS OF EQUATIONS           2     SINGLE EQUATIONS           30
BLOCKS OF VARIABLES           2     SINGLE VARIABLES           26
NON ZERO ELEMENTS            71


GENERATION TIME      =        0.000 SECONDS      3 MB  28.2.0 r750fa45 WEX-WEI


EXECUTION TIME       =        0.000 SECONDS      3 MB  28.2.0 r750fa45 WEX-WEI
               L O O P S                  k 9

GAMS 28.2.0  r750fa45 Released Aug 19, 2019 WEX-WEI x86 64bit/MS Windows - 06/06/20 10:11:23 Page 54
or_report_1.1
Solution Report     SOLVE model_2_demo_1 Using LP From line 107


               S O L V E      S U M M A R Y

     MODEL   model_2_demo_1      OBJECTIVE  f
     TYPE    LP                  DIRECTION  MAXIMIZE
     SOLVER  CPLEX               FROM LINE  107

**** SOLVER STATUS     1 Normal Completion         
**** MODEL STATUS      1 Optimal                   
**** OBJECTIVE VALUE                8.6042

 RESOURCE USAGE, LIMIT          0.000      1000.000
 ITERATION COUNT, LIMIT         4    2000000000

IBM ILOG CPLEX   28.2.0 r750fa45 Released Aug 19, 2019 WEI x86 64bit/MS Window
Cplex 12.9.0.0

Space for names approximately 0.00 Mb
Use option 'names no' to turn use of names off
LP status(1): optimal
Cplex Time: 0.00sec (det. 0.04 ticks)
Optimal solution found.
Objective :           8.604207


---- EQU mode_io_2_fullfunc  

         LOWER          LEVEL          UPPER         MARGINAL

1         9.0000         9.0000         9.0000         0.9560      
2          .              .              .             0.9952      
3          .              .              .             0.9606      
4          .              .              .             0.9828      
5          .              .              .             1.0000      

---- EQU tube_io  max flow of tube

           LOWER          LEVEL          UPPER         MARGINAL

1.1        -INF             .              .              .          
1.2        -INF             .           100.0000          .          
1.3        -INF             .           100.0000          .          
1.4        -INF             .           100.0000          .          
1.5        -INF            9.0000       100.0000          .          
2.1        -INF             .           100.0000          .          
2.2        -INF             .              .              .          
2.3        -INF             .           100.0000          .          
2.4        -INF             .           100.0000          .          
2.5        -INF             .           100.0000          .          
3.1        -INF             .           100.0000          .          
3.2        -INF             .           100.0000          .          
3.3        -INF             .              .              .          
3.4        -INF             .           100.0000          .          
3.5        -INF             .           100.0000          .          
4.1        -INF             .           100.0000          .          
4.2        -INF             .           100.0000          .          
4.3        -INF             .           100.0000          .          
4.4        -INF             .              .              .          
4.5        -INF             .           100.0000          .          
5.1        -INF             .           100.0000          .          
5.2        -INF             .           100.0000          .          
5.3        -INF             .           100.0000          .          
5.4        -INF             .           100.0000          .          
5.5        -INF             .              .              .          

---- VAR x  tube from i to j

           LOWER          LEVEL          UPPER         MARGINAL

1.1          .              .            +INF           -0.9560      
1.2          .              .            +INF             .          
1.3          .              .            +INF           -0.0270      
1.4          .              .            +INF             .          
1.5          .             9.0000        +INF             .          
2.1          .              .            +INF           -0.0579      
2.2          .              .            +INF           -0.9952      
2.3          .              .            +INF           -0.0516      
2.4          .              .            +INF           -0.0511      
2.5          .              .            +INF           -0.0554      
3.1          .              .            +INF           -0.0297      
3.2          .              .            +INF             .          
3.3          .              .            +INF           -0.9606      
3.4          .              .            +INF           -0.0361      
3.5          .              .            +INF           -0.0269      
4.1          .              .            +INF           -0.0723      
4.2          .              .            +INF           -0.0439      
4.3          .              .            +INF           -0.0696      
4.4          .              .            +INF           -0.9828      
4.5          .              .            +INF           -0.0456      
5.1          .              .            +INF           -0.0989      
5.2          .              .            +INF           -0.0593      
5.3          .              .            +INF           -0.0912      
5.4          .              .            +INF           -0.0917      
5.5          .              .            +INF           -1.0000      

                           LOWER          LEVEL          UPPER         MARGINAL

---- VAR f                 -INF            8.6042        +INF             .          

  f  maxflow


**** REPORT SUMMARY :        0     NONOPT
                             0 INFEASIBLE
                             0  UNBOUNDED
GAMS 28.2.0  r750fa45 Released Aug 19, 2019 WEX-WEI x86 64bit/MS Windows - 06/06/20 10:11:23 Page 55
or_report_1.1
E x e c u t i o n


----    106 SET k  index of num of currency

1 ,    2 ,    3 ,    4 ,    5 ,    6 ,    7 ,    8 ,    9 ,    10

GAMS 28.2.0  r750fa45 Released Aug 19, 2019 WEX-WEI x86 64bit/MS Windows - 06/06/20 10:11:23 Page 56
or_report_1.1
Equation Listing    SOLVE model_2_demo_1 Using LP From line 107


---- mode_io_2_fullfunc  =E=  

mode_io_2_fullfunc(1)..  x(1,1) + x(1,2) + x(1,3) + x(1,4) + x(1,5) - 0.980392156862745*x(2,1) - 0.973709834469328*x(3,1) - 0.952380952380952*x(4,1) - 0.942507068803016*x(5,1) =E= 10 ; (LHS = 9, INFES = 1 ****)
     
mode_io_2_fullfunc(2)..  - 0.96061479346782*x(1,2) + x(2,1) + x(2,2) + x(2,3) + x(2,4) + x(2,5) - 0.965250965250965*x(3,2) - 0.943396226415094*x(4,2) - 0.945179584120983*x(5,2) =E= 0 ; (LHS = 0)
     
mode_io_2_fullfunc(3)..  - 0.967117988394584*x(1,3) - 0.982318271119843*x(2,3) + x(3,1) + x(3,2) + x(3,3) + x(3,4) + x(3,5) - 0.950570342205323*x(4,3) - 0.946073793755913*x(5,3) =E= 0 ; (LHS = 0)
     
REMAINING 2 ENTRIES SKIPPED


---- tube_io  =L=  max flow of tube

tube_io(1,1)..  x(1,1) =L= 0 ; (LHS = 0)
     
tube_io(1,2)..  x(1,2) =L= 100 ; (LHS = 0)
     
tube_io(1,3)..  x(1,3) =L= 100 ; (LHS = 0)
     
REMAINING 22 ENTRIES SKIPPED

GAMS 28.2.0  r750fa45 Released Aug 19, 2019 WEX-WEI x86 64bit/MS Windows - 06/06/20 10:11:23 Page 57
or_report_1.1
Column Listing      SOLVE model_2_demo_1 Using LP From line 107


---- x  tube from i to j

x(1,1)
                (.LO, .L, .UP, .M = 0, 0, +INF, -0.956022944550669)
        1       mode_io_2_fullfunc(1)
        1       tube_io(1,1)

x(1,2)
                (.LO, .L, .UP, .M = 0, 0, +INF, 0)
        1       mode_io_2_fullfunc(1)
       -0.9606  mode_io_2_fullfunc(2)
        1       tube_io(1,2)

x(1,3)
                (.LO, .L, .UP, .M = 0, 0, +INF, -0.0269736651494921)
        1       mode_io_2_fullfunc(1)
       -0.9671  mode_io_2_fullfunc(3)
        1       tube_io(1,3)

REMAINING 22 ENTRIES SKIPPED

---- f  maxflow

f
                (.LO, .L, .UP, .M = -INF, 8.60420650095602, +INF, 0)
        1       mode_io_2_fullfunc(5)

GAMS 28.2.0  r750fa45 Released Aug 19, 2019 WEX-WEI x86 64bit/MS Windows - 06/06/20 10:11:23 Page 58
or_report_1.1
Model Statistics    SOLVE model_2_demo_1 Using LP From line 107


LOOPS                                    k   10


MODEL STATISTICS

BLOCKS OF EQUATIONS           2     SINGLE EQUATIONS           30
BLOCKS OF VARIABLES           2     SINGLE VARIABLES           26
NON ZERO ELEMENTS            71


GENERATION TIME      =        0.000 SECONDS      3 MB  28.2.0 r750fa45 WEX-WEI


EXECUTION TIME       =        0.015 SECONDS      3 MB  28.2.0 r750fa45 WEX-WEI
               L O O P S                  k 10

GAMS 28.2.0  r750fa45 Released Aug 19, 2019 WEX-WEI x86 64bit/MS Windows - 06/06/20 10:11:23 Page 59
or_report_1.1
Solution Report     SOLVE model_2_demo_1 Using LP From line 107


               S O L V E      S U M M A R Y

     MODEL   model_2_demo_1      OBJECTIVE  f
     TYPE    LP                  DIRECTION  MAXIMIZE
     SOLVER  CPLEX               FROM LINE  107

**** SOLVER STATUS     1 Normal Completion         
**** MODEL STATUS      1 Optimal                   
**** OBJECTIVE VALUE                9.5602

 RESOURCE USAGE, LIMIT          0.000      1000.000
 ITERATION COUNT, LIMIT         4    2000000000

IBM ILOG CPLEX   28.2.0 r750fa45 Released Aug 19, 2019 WEI x86 64bit/MS Window
Cplex 12.9.0.0

Space for names approximately 0.00 Mb
Use option 'names no' to turn use of names off
LP status(1): optimal
Cplex Time: 0.00sec (det. 0.04 ticks)
Optimal solution found.
Objective :           9.560229


---- EQU mode_io_2_fullfunc  

         LOWER          LEVEL          UPPER         MARGINAL

1        10.0000        10.0000        10.0000         0.9560      
2          .              .              .             0.9952      
3          .              .              .             0.9606      
4          .              .              .             0.9389      
5          .              .              .             1.0000      

---- EQU tube_io  max flow of tube

           LOWER          LEVEL          UPPER         MARGINAL

1.1        -INF             .              .              .          
1.2        -INF             .           100.0000          .          
1.3        -INF             .           100.0000          .          
1.4        -INF             .           100.0000          .          
1.5        -INF           10.0000       100.0000          .          
2.1        -INF             .           100.0000          .          
2.2        -INF             .              .              .          
2.3        -INF             .           100.0000          .          
2.4        -INF             .           100.0000          .          
2.5        -INF             .           100.0000          .          
3.1        -INF             .           100.0000          .          
3.2        -INF             .           100.0000          .          
3.3        -INF             .              .              .          
3.4        -INF             .           100.0000          .          
3.5        -INF             .           100.0000          .          
4.1        -INF             .           100.0000          .          
4.2        -INF             .           100.0000          .          
4.3        -INF             .           100.0000          .          
4.4        -INF             .              .              .          
4.5        -INF             .           100.0000          .          
5.1        -INF             .           100.0000          .          
5.2        -INF             .           100.0000          .          
5.3        -INF             .           100.0000          .          
5.4        -INF             .           100.0000          .          
5.5        -INF             .              .              .          

---- VAR x  tube from i to j

           LOWER          LEVEL          UPPER         MARGINAL

1.1          .              .            +INF           -0.9560      
1.2          .              .            +INF             .          
1.3          .              .            +INF           -0.0270      
1.4          .              .            +INF           -0.0427      
1.5          .            10.0000        +INF             .          
2.1          .              .            +INF           -0.0579      
2.2          .              .            +INF           -0.9952      
2.3          .              .            +INF           -0.0516      
2.4          .              .            +INF           -0.0933      
2.5          .              .            +INF           -0.0554      
3.1          .              .            +INF           -0.0297      
3.2          .              .            +INF             .          
3.3          .              .            +INF           -0.9606      
3.4          .              .            +INF           -0.0774      
3.5          .              .            +INF           -0.0269      
4.1          .              .            +INF           -0.0284      
4.2          .              .            +INF             .          
4.3          .              .            +INF           -0.0257      
4.4          .              .            +INF           -0.9389      
4.5          .              .            +INF           -0.0017      
5.1          .              .            +INF           -0.0989      
5.2          .              .            +INF           -0.0593      
5.3          .              .            +INF           -0.0912      
5.4          .              .            +INF           -0.1323      
5.5          .              .            +INF           -1.0000      

                           LOWER          LEVEL          UPPER         MARGINAL

---- VAR f                 -INF            9.5602        +INF             .          

  f  maxflow


**** REPORT SUMMARY :        0     NONOPT
                             0 INFEASIBLE
                             0  UNBOUNDED
GAMS 28.2.0  r750fa45 Released Aug 19, 2019 WEX-WEI x86 64bit/MS Windows - 06/06/20 10:11:23 Page 60
or_report_1.1
E x e c u t i o n


----    114 PARAMETER ff  kth sol of model

1  0.956,    2  1.912,    3  2.868,    4  3.824,    5  4.780,    6  5.736,    7  6.692,    8  7.648,    9  8.604,    10 9.560



EXECUTION TIME       =        0.000 SECONDS      3 MB  28.2.0 r750fa45 WEX-WEI


USER: GAMS Development Corporation, USA              G871201/0000CA-ANY
      Free Demo, +1 202-342-0180, support@gams.com, www.gams.com DC0000


**** FILE SUMMARY

Input      D:\Onedrive\Documents\GAMSStudio\or_report_1.1_model_A_demo1\or_report_1.1.gms
Output     D:\Onedrive\Documents\GAMSStudio\or_report_1.1_model_A_demo1\or_report_1.1.lst
