GAMS 28.2.0  r750fa45 Released Aug 19, 2019 WEX-WEI x86 64bit/MS Windows - 06/08/20 09:45:59 Page 1
G e n e r a l   A l g e b r a i c   M o d e l i n g   S y s t e m
C o m p i l a t i o n


   1  Sets
   2      node "node" /a, b, c, d, e, f/
   3      iter "loop from 1 to infeasible" /1*1000/
   4  ;
   5  alias (node, i, j)
   6  ;
   7  Table c_z(i,j) "coeff with z"
INCLUDE    D:\Onedrive\Documents\GAMSStudio\or_report_1.5_model_A_multinode_trivial\6nodes\or_report.1.5_cost_mA_6f.csv
  10  ,a,b,c,d,e,f
  11  a,0,50,50,50,50,50
  12  b,50,0,50,50,50,50
  13  c,50,50,0,50,50,50
  14  d,50,50,50,0,50,50
  15  e,50,50,50,50,0,50
  16  f,50,50,50,50,50,0
  18  ;
  19  Table maxflow(i,j) "maxflow of tube"
INCLUDE    D:\Onedrive\Documents\GAMSStudio\or_report_1.5_model_A_multinode_trivial\6nodes\or_report.1.5_maxflow_mA_6f.csv
  22  ,a,b,c,d,e,f
  23  a,0,100,100,100,100,100
  24  b,100,0,100,100,100,100
  25  c,100,100,0,100,100,100
  26  d,100,100,100,0,100,100
  27  e,100,100,100,100,0,100
  28  f,100,100,100,100,100,0
  30  ;
  31  Table tube_on(i,j) "prevent i to i"
  32          a   b   c   d   e   f
  33      a   0   1   1   1   1   1
  34      b   1   0   1   1   1   1
  35      c   1   1   0   1   1   1
  36      d   1   1   1   0   1   1
  37      e   1   1   1   1   0   1
  38      f   1   1   1   1   1   0
  39  *using on node_io
  40  ;
  41  Parameters
  42      w_on(node) "1 to a, -1 to e" /a 1, b 0, c 0, d 0, e -1/,
  43   
  44      w_max "max I/O" /800/,
  45      w_miter "max I/O iter to " /1/,
  46   
  47      cost_m1 "from 1 to infeasible",
  48      isfeasible_m1 "record feasible state",
  49      remain_m1 "as title",
  50      remainrate_m1 "as title",
  51   
  52      cost(iter) "from 1 to infeasible",
  53      isfeasible(iter) "record feasible state",
  54      remain(iter) "as title",
  55      remainrate(iter) "as title"
  56   
  57  ;
  58   
  59  Variable
  60      x(i,j) "tube",
  61      w "I/O",
  62      z "sum to solve"
  63  ;
  64  Positive Variable x
  65  ;
  66  Free Variables z
  67  ;
  68  Equations
  69      cost_z "total fee of exchange",
  70      node_io(i) "I/O of each tube",
  71      tube_max(i,j) "maxflow of each tube",
  72   
  73      w_set "range of w",
  74      w_set_iter "range of w";
  75   
  76      cost_z ..
  77          z =e= 0.001*sum((i,j), c_z(i,j)*x(i,j));
  78      node_io(i) ..
  79          sum(j, tube_on(i,j)*x(i,j)) - sum(j, tube_on(j,i)*x(j,i)) =e= w_on(i)*w;
  80      tube_max(i,j) ..
  81          x(i,j) =l= maxflow(i,j);
  82   
  83      w_set ..
  84          w =e= w_max;
  85      w_set_iter ..
  86          w =e= w_miter;
  87   
  88  Model
  89      demo_1 "once" /cost_z, node_io, tube_max, w_set/
  90      demo_2 "loop" /cost_z, node_io, tube_max, w_set_iter/
  91  *    demo_3 "loop include dismulti opt"
  92  ;
  93   
  94   
GAMS 28.2.0  r750fa45 Released Aug 19, 2019 WEX-WEI x86 64bit/MS Windows - 06/08/20 09:45:59 Page 2
once_ver
C o m p i l a t i o n


  96  Solve demo_1 using LP min z;
  97   
  98  display w_max;
  99   
 100  cost_m1 = demo_1.ObjVal;
 101  isfeasible_m1 = demo_1.ModelStat;
 102  remain_m1 = w_max;
 103  remainrate_m1 = div(remain_m1, (remain_m1 + cost_m1))
 104   
 105  display cost_m1, isfeasible_m1, remain_m1, remainrate_m1;
 106   
      $title loop_ver
      loop (iter,
          display w_miter, 'total currency';
          Solve demo_2 using LP min z;
          
          cost(iter) = demo_2.ObjVal;
          isfeasible(iter) = demo_2.ModelStat;
          remain(iter) = w_miter;
          remainrate(iter) = div(remain(iter), (remain(iter) + cost(iter)));
          
          remain(iter)$(remain(iter) = NA) = 0;
       
          display demo_2.ObjVal, demo_2.ModelStat;
          w_miter = w_miter + 1;
      )
       
      display cost;
      display isfeasible;
      display remain;
      display remainrate;
       
      $title output to gdx
       
      execute_unload 'or_report.1.5_mA_6f.gdx', cost, isfeasible, remain, remainrate;
 133   
 134  *$ontext
 135  *gdx2csv
 140  *$offtext
GAMS 28.2.0  r750fa45 Released Aug 19, 2019 WEX-WEI x86 64bit/MS Windows - 06/08/20 09:45:59 Page 3
once_ver
Include File Summary


   SEQ   GLOBAL TYPE      PARENT   LOCAL  FILENAME

     1        1 INPUT          0       0  D:\Onedrive\Documents\GAMSStudio\or_report_1.5_model_A_multinode_trivial\6nodes\or_report_1.5_mA_6f.gms
     2        9 INCLUDE        1       9  .D:\Onedrive\Documents\GAMSStudio\or_report_1.5_model_A_multinode_trivial\6nodes\or_report.1.5_cost_mA_6f.csv
     3       21 INCLUDE        1      14  .D:\Onedrive\Documents\GAMSStudio\or_report_1.5_model_A_multinode_trivial\6nodes\or_report.1.5_maxflow_mA_6f.csv
     4      136 CALL           1     122  gdxdump or_report.1.5_mA_6f.gdx symb=cost CSVSetText format=csv header = "cost(iter)">> or_report.1.5_mA_6f_out_cost.csv
     5      137 CALL           1     123  gdxdump or_report.1.5_mA_6f.gdx symb=isfeasible CSVSetText format=csv header = "isfeasible(iter)">> or_report.1.5_mA_6f_out_isfeasible.csv
     6      138 CALL           1     124  gdxdump or_report.1.5_mA_6f.gdx symb=remain CSVSetText format=csv header ="remain(iter)">> or_report.1.5_mA_6f_out_remain.csv
     7      139 CALL           1     125  gdxdump or_report.1.5_mA_6f.gdx symb=remainrate CSVSetText format=csv header = "remainrate(iter)">> or_report.1.5_mA_6f_out_remainrate.csv


COMPILATION TIME     =        0.125 SECONDS      3 MB  28.2.0 r750fa45 WEX-WEI
GAMS 28.2.0  r750fa45 Released Aug 19, 2019 WEX-WEI x86 64bit/MS Windows - 06/08/20 09:45:59 Page 4
once_ver
Equation Listing    SOLVE demo_1 Using LP From line 96


---- cost_z  =E=  total fee of exchange

cost_z..  - 0.05*x(a,b) - 0.05*x(a,c) - 0.05*x(a,d) - 0.05*x(a,e) - 0.05*x(a,f) - 0.05*x(b,a) - 0.05*x(b,c) - 0.05*x(b,d) - 0.05*x(b,e) - 0.05*x(b,f) - 0.05*x(c,a) - 0.05*x(c,b) - 0.05*x(c,d) - 0.05*x(c,e) - 0.05*x(c,f) - 0.05*x(d,a) - 0.05*x(d,b)
     
      - 0.05*x(d,c) - 0.05*x(d,e) - 0.05*x(d,f) - 0.05*x(e,a) - 0.05*x(e,b) - 0.05*x(e,c) - 0.05*x(e,d) - 0.05*x(e,f) - 0.05*x(f,a) - 0.05*x(f,b) - 0.05*x(f,c) - 0.05*x(f,d) - 0.05*x(f,e) + z =E= 0 ; (LHS = 0)
     

---- node_io  =E=  I/O of each tube

node_io(a)..  x(a,b) + x(a,c) + x(a,d) + x(a,e) + x(a,f) - x(b,a) - x(c,a) - x(d,a) - x(e,a) - x(f,a) - w =E= 0 ; (LHS = 0)
     
node_io(b)..  - x(a,b) + x(b,a) + x(b,c) + x(b,d) + x(b,e) + x(b,f) - x(c,b) - x(d,b) - x(e,b) - x(f,b) =E= 0 ; (LHS = 0)
     
node_io(c)..  - x(a,c) - x(b,c) + x(c,a) + x(c,b) + x(c,d) + x(c,e) + x(c,f) - x(d,c) - x(e,c) - x(f,c) =E= 0 ; (LHS = 0)
     
REMAINING 3 ENTRIES SKIPPED


---- tube_max  =L=  maxflow of each tube

tube_max(a,a)..  x(a,a) =L= 0 ; (LHS = 0)
     
tube_max(a,b)..  x(a,b) =L= 100 ; (LHS = 0)
     
tube_max(a,c)..  x(a,c) =L= 100 ; (LHS = 0)
     
REMAINING 33 ENTRIES SKIPPED


---- w_set  =E=  range of w

w_set..  w =E= 800 ; (LHS = 0, INFES = 800 ****)
     
GAMS 28.2.0  r750fa45 Released Aug 19, 2019 WEX-WEI x86 64bit/MS Windows - 06/08/20 09:45:59 Page 5
once_ver
Column Listing      SOLVE demo_1 Using LP From line 96


---- x  tube

x(a,a)
                (.LO, .L, .UP, .M = 0, 0, +INF, 0)
        1       tube_max(a,a)

x(a,b)
                (.LO, .L, .UP, .M = 0, 0, +INF, 0)
       -0.05    cost_z
        1       node_io(a)
       -1       node_io(b)
        1       tube_max(a,b)

x(a,c)
                (.LO, .L, .UP, .M = 0, 0, +INF, 0)
       -0.05    cost_z
        1       node_io(a)
       -1       node_io(c)
        1       tube_max(a,c)

REMAINING 33 ENTRIES SKIPPED

---- w  I/O

w
                (.LO, .L, .UP, .M = -INF, 0, +INF, 0)
       -1       node_io(a)
        1       node_io(e)
        1       w_set


---- z  sum to solve

z
                (.LO, .L, .UP, .M = -INF, 0, +INF, 0)
        1       cost_z

GAMS 28.2.0  r750fa45 Released Aug 19, 2019 WEX-WEI x86 64bit/MS Windows - 06/08/20 09:45:59 Page 6
once_ver
Model Statistics    SOLVE demo_1 Using LP From line 96


MODEL STATISTICS

BLOCKS OF EQUATIONS           4     SINGLE EQUATIONS           44
BLOCKS OF VARIABLES           3     SINGLE VARIABLES           38
NON ZERO ELEMENTS           130


GENERATION TIME      =        0.047 SECONDS      4 MB  28.2.0 r750fa45 WEX-WEI


EXECUTION TIME       =        0.047 SECONDS      4 MB  28.2.0 r750fa45 WEX-WEI
GAMS 28.2.0  r750fa45 Released Aug 19, 2019 WEX-WEI x86 64bit/MS Windows - 06/08/20 09:45:59 Page 7
once_ver
Solution Report     SOLVE demo_1 Using LP From line 96


               S O L V E      S U M M A R Y

     MODEL   demo_1              OBJECTIVE  z
     TYPE    LP                  DIRECTION  MINIMIZE
     SOLVER  CPLEX               FROM LINE  96

**** SOLVER STATUS     1 Normal Completion         
**** MODEL STATUS      4 Infeasible                
**** OBJECTIVE VALUE              300.0000

 RESOURCE USAGE, LIMIT          0.000      1000.000
 ITERATION COUNT, LIMIT        11    2000000000

IBM ILOG CPLEX   28.2.0 r750fa45 Released Aug 19, 2019 WEI x86 64bit/MS Window
Cplex 12.9.0.0

Space for names approximately 0.00 Mb
Use option 'names no' to turn use of names off
LP status(3): infeasible
Cplex Time: 0.00sec (det. 0.01 ticks)
Rerunning with presolve turned off and solving with LPMETHOD=0
LP status(3): infeasible
Cplex Time: 0.00sec (det. 0.04 ticks)
Model has been proven infeasible.

                           LOWER          LEVEL          UPPER         MARGINAL

---- EQU cost_z              .              .              .             1.0000      

  cost_z  total fee of exchange

---- EQU node_io  I/O of each tube

         LOWER          LEVEL          UPPER         MARGINAL

a          .              .              .             2.0000      
b          .              .              .             1.0000      
c          .              .              .             1.0000      
d          .              .              .             1.0000      
e          .              .              .             1.0000      
f          .              .              .             1.0000      

---- EQU tube_max  maxflow of each tube

           LOWER          LEVEL          UPPER         MARGINAL

a.a        -INF             .              .              .          
a.b        -INF          100.0000       100.0000        -1.0000      
a.c        -INF          100.0000       100.0000        -1.0000      
a.d        -INF          100.0000       100.0000        -1.0000      
a.e        -INF          100.0000       100.0000        -1.0000      
a.f        -INF          100.0000       100.0000        -1.0000      
b.a        -INF             .           100.0000          .          
b.b        -INF             .              .              .          
b.c        -INF             .           100.0000          .          
b.d        -INF             .           100.0000          .          
b.e        -INF          100.0000       100.0000          .          
b.f        -INF             .           100.0000          .          
c.a        -INF             .           100.0000          .          
c.b        -INF             .           100.0000          .          
c.c        -INF             .              .              .          
c.d        -INF             .           100.0000          .          
c.e        -INF          100.0000       100.0000         EPS         
c.f        -INF             .           100.0000          .          
d.a        -INF             .           100.0000          .          
d.b        -INF             .           100.0000          .          
d.c        -INF             .           100.0000          .          
d.d        -INF             .              .              .          
d.e        -INF          100.0000       100.0000         EPS         
d.f        -INF             .           100.0000          .          
e.a        -INF             .           100.0000          .          
e.b        -INF             .           100.0000          .          
e.c        -INF             .           100.0000          .          
e.d        -INF             .           100.0000          .          
e.e        -INF             .              .              .          
e.f        -INF             .           100.0000          .          
f.a        -INF             .           100.0000          .          
f.b        -INF             .           100.0000          .          
f.c        -INF             .           100.0000          .          
f.d        -INF             .           100.0000          .          
f.e        -INF          100.0000       100.0000         EPS         
f.f        -INF             .              .              .          

                           LOWER          LEVEL          UPPER         MARGINAL

---- EQU w_set            800.0000       500.0000       800.0000         1.0000 INFES

  w_set  range of w

---- VAR x  tube

           LOWER          LEVEL          UPPER         MARGINAL

a.a          .              .            +INF            EPS         
a.b          .           100.0000        +INF             .          
a.c          .           100.0000        +INF             .          
a.d          .           100.0000        +INF             .          
a.e          .           100.0000        +INF             .          
a.f          .           100.0000        +INF             .          
b.a          .              .            +INF            1.0000      
b.b          .              .            +INF            EPS         
b.c          .              .            +INF            EPS         
b.d          .              .            +INF            EPS         
b.e          .           100.0000        +INF             .          
b.f          .              .            +INF            EPS         
c.a          .              .            +INF            1.0000      
c.b          .              .            +INF             .          
c.c          .              .            +INF            EPS         
c.d          .              .            +INF            EPS         
c.e          .           100.0000        +INF             .          
c.f          .              .            +INF            EPS         
d.a          .              .            +INF            1.0000      
d.b          .              .            +INF            EPS         
d.c          .              .            +INF            EPS         
d.d          .              .            +INF            EPS         
d.e          .           100.0000        +INF             .          
d.f          .              .            +INF             .          
e.a          .              .            +INF            1.0000      
e.b          .              .            +INF            EPS         
e.c          .              .            +INF            EPS         
e.d          .              .            +INF            EPS         
e.e          .              .            +INF            EPS         
e.f          .              .            +INF            EPS         
f.a          .              .            +INF            1.0000      
f.b          .              .            +INF            EPS         
f.c          .              .            +INF             .          
f.d          .              .            +INF            EPS         
f.e          .           100.0000        +INF             .          
f.f          .              .            +INF            EPS         

                           LOWER          LEVEL          UPPER         MARGINAL

---- VAR w                 -INF          500.0000        +INF             .          
---- VAR z                 -INF          300.0000        +INF             .          

  w  I/O
  z  sum to solve


**** REPORT SUMMARY :        0     NONOPT
                             1 INFEASIBLE (INFES)
                    SUM        300.0000
                    MAX        300.0000
                    MEAN       300.0000
                             0  UNBOUNDED
GAMS 28.2.0  r750fa45 Released Aug 19, 2019 WEX-WEI x86 64bit/MS Windows - 06/08/20 09:45:59 Page 8
once_ver
E x e c u t i o n


----     98 PARAMETER w_max                =      800.000  max I/O

----    105 PARAMETER cost_m1              =      300.000  from 1 to infeasible
            PARAMETER isfeasible_m1        =        4.000  record feasible state
            PARAMETER remain_m1            =      800.000  as title
            PARAMETER remainrate_m1        =        0.727  as title


EXECUTION TIME       =        0.000 SECONDS      3 MB  28.2.0 r750fa45 WEX-WEI


USER: GAMS Development Corporation, USA              G871201/0000CA-ANY
      Free Demo, +1 202-342-0180, support@gams.com, www.gams.com DC0000


**** FILE SUMMARY

Input      D:\Onedrive\Documents\GAMSStudio\or_report_1.5_model_A_multinode_trivial\6nodes\or_report_1.5_mA_6f.gms
Output     D:\Onedrive\Documents\GAMSStudio\or_report_1.5_model_A_multinode_trivial\6nodes\or_report_1.5_mA_6f.lst
