GAMS 28.2.0  r750fa45 Released Aug 19, 2019 WEX-WEI x86 64bit/MS Windows - 06/07/20 19:54:58 Page 1
G e n e r a l   A l g e b r a i c   M o d e l i n g   S y s t e m
C o m p i l a t i o n


   1  Sets
   2      node "node" /a, b, c, d, e, f, g, h, i/
   3      iter "loop from 1 to infeasible" /1*1500/
   4  ;
   5  alias (node, i, j)
   6  ;
   7   
   8  Table c_down(i,j) "coeff with z"
INCLUDE    D:\Onedrive\Documents\GAMSStudio\or_report_1.6_model_B_multinode\9nodes\or_report.1.6_cost_mB_9i.csv
  11  ,a,b,c,d,e,f,g,h,i
  12  a,1,1.041,1.034,1.028,1.043,1.0365,1.0365,1.0365,1.0365
  13  b,1.02,1,1.018,1.041,1.064,1.03575,1.03575,1.03575,1.03575
  14  c,1.027,1.036,1,1.063,1.071,1.04925,1.04925,1.04925,1.04925
  15  d,1.05,1.06,1.052,1,1.067,1.05725,1.05725,1.05725,1.05725
  16  e,1.061,1.058,1.057,1.082,1,1.0645,1.0645,1.0645,1.0645
  17  f,1.0395,1.04875,1.04025,1.0535,1.06125,1,1.04865,1.04865,1.04865
  18  g,1.0395,1.04875,1.04025,1.0535,1.06125,1.04865,1,1.04865,1.04865
  19  h,1.0395,1.04875,1.04025,1.0535,1.06125,1.04865,1.04865,1,1.04865
  20  i,1.0395,1.04875,1.04025,1.0535,1.06125,1.04865,1.04865,1.04865,1
  22  ;
  23  Table maxflow(i,j) "maxflow of tube"
INCLUDE    D:\Onedrive\Documents\GAMSStudio\or_report_1.6_model_B_multinode\9nodes\or_report.1.6_maxflow_mB_9i.csv
  26  ,a,b,c,d,e,f,g,h,i
  27  a,0,140,170,136,234,170,170,170,170
  28  b,124,0,100,187,172,145.75,145.75,145.75,145.75
  29  c,142,180,0,100,86,127,127,127,127
  30  d,173,126,60,0,95,113.5,113.5,113.5,113.5
  31  e,50,60,30,80,0,55,55,55,55
  32  f,122.25,126.5,90,125.75,146.75,0,122.25,122.25,122.25
  33  g,122.25,126.5,90,125.75,146.75,122.25,0,122.25,122.25
  34  h,122.25,126.5,90,125.75,146.75,122.25,122.25,0,122.25
  35  i,122.25,126.5,90,125.75,146.75,122.25,122.25,122.25,0
  37   
  38  ;
  39  Table c_on(i,j) "prevent i to i"
  40          a   b   c   d   e   f   g   h   i
  41      a   0   1   1   1   1   1   1   1   1
  42      b   1   0   1   1   1   1   1   1   1
  43      c   1   1   0   1   1   1   1   1   1
  44      d   1   1   1   0   1   1   1   1   1
  45      e   1   1   1   1   0   1   1   1   1
  46      f   1   1   1   1   1   0   1   1   1
  47      g   1   1   1   1   1   1   0   1   1
  48      h   1   1   1   1   1   1   1   0   1
  49      i   1   1   1   1   1   1   1   1   0
  50  *using on node_io
  51  ;
  52  Parameters
  53      w_on(node) "" /a 1, b 0, c 0, d 0, e 0, f 0, g 0, h 0, i 0/,
  54      f_on(node) "" /a 0, b 0, c 0, d 0, e -1, f 0, g 0, h 0, i 0/,
  55      c(i,j) "" ,
  56   
  57      w_max "max I/O" /400/,
  58      w_miter "max I/O iter to " /1/
  59   
  60      cost_m1 "from 1 to infeasible",
  61      isfeasible_m1 "record feasible state",
  62      remain_m1 "as title",
  63      remainrate_m1 "as title",
  64   
  65      cost(iter) "from 1 to infeasible",
  66      isfeasible(iter) "record feasible state",
  67      remain(iter) "as title",
  68      remainrate(iter) "as title"
  69  ;
  70   
  71      c(i,j)$(c_on(i,j) eqv 0) = 0;
  72      c(i,j)$(c_on(i,j) eqv 1) = div(1, c_down(i,j));
  73   
  74  Variable
  75      x(i,j) "tube",
  76      f "sum to solve"
  77  ;
  78  Positive Variable x
  79  ;
  80  Free Variable f
  81  ;
  82  Equations
  83      node_io(i) "I/O of each tube",
  84      node_io_iter(i) "I/O of each tube",
  85      tube_max(i,j) "maxflow of each tube";
  86   
  87      node_io(i) ..
  88          sum(j,c_on(i,j)*x(i,j)) - sum(j,c(j,i)*x(j,i)) =e= f_on(i)*f + w_on(i)*w_max;
  89   
  90      node_io_iter(i) ..
  91          sum(j,c_on(i,j)*x(i,j)) - sum(j,c(j,i)*x(j,i)) =e= f_on(i)*f + w_on(i)*w_miter;
  92   
  93      tube_max(i,j) ..
  94          x(i,j) =l= maxflow(i,j);
  95   
  96  Model
  97      demo_1 "once" /node_io, tube_max/
  98      demo_2 "loop" /node_io_iter, tube_max/
  99  ;
 100   
GAMS 28.2.0  r750fa45 Released Aug 19, 2019 WEX-WEI x86 64bit/MS Windows - 06/07/20 19:54:58 Page 2
once_ver
C o m p i l a t i o n


 102  Solve demo_1 using LP max f;
 103   
 104  display w_max;
 105   
 106  isfeasible_m1 = demo_1.ModelStat;
 107  remain_m1 = demo_1.ObjVal;
 108  cost_m1 = w_max - remain_m1;
 109  remainrate_m1 = div(remain_m1, w_max)
 110   
 111  display cost_m1, isfeasible_m1, remain_m1, remainrate_m1;
 112   
      $title loop_ver
      loop (iter,
          display w_miter, 'total currency';
          Solve demo_2 using LP max f;
          
          isfeasible(iter) = demo_2.ModelStat;
          remain(iter) = demo_2.ObjVal;
          cost(iter) = w_miter - remain(iter);
          remainrate(iter) = div(remain(iter), w_miter);
          
          remain(iter)$(remain(iter) = NA) = 0;
       
          display demo_2.ObjVal, demo_2.ModelStat;
          w_miter = w_miter + 1;
      )
       
      display cost;
      display isfeasible;
      display remain;
      display remainrate;
       
      $title output to gdx
      execute_unload 'or_report.1.6_mB_9i.gdx', cost, isfeasible, remain, remainrate;
 138   
 139  *$ontext
 140  *gdx2csv
 145  *$offtext
GAMS 28.2.0  r750fa45 Released Aug 19, 2019 WEX-WEI x86 64bit/MS Windows - 06/07/20 19:54:58 Page 3
once_ver
Include File Summary


   SEQ   GLOBAL TYPE      PARENT   LOCAL  FILENAME

     1        1 INPUT          0       0  D:\Onedrive\Documents\GAMSStudio\or_report_1.6_model_B_multinode\9nodes\or_report_1.6_mB_9i.gms
     2       10 INCLUDE        1      10  .D:\Onedrive\Documents\GAMSStudio\or_report_1.6_model_B_multinode\9nodes\or_report.1.6_cost_mB_9i.csv
     3       25 INCLUDE        1      15  .D:\Onedrive\Documents\GAMSStudio\or_report_1.6_model_B_multinode\9nodes\or_report.1.6_maxflow_mB_9i.csv
     4      141 CALL           1     121  gdxdump or_report.1.6_mB_9i.gdx symb=cost CSVSetText format=csv header = "cost(iter)">> or_report.1.6_mB_9i_out_cost.csv
     5      142 CALL           1     122  gdxdump or_report.1.6_mB_9i.gdx symb=isfeasible CSVSetText format=csv header = "isfeasible(iter)">> or_report.1.6_mB_9i_out_isfeasible.csv
     6      143 CALL           1     123  gdxdump or_report.1.6_mB_9i.gdx symb=remain CSVSetText format=csv header ="remain(iter)">> or_report.1.6_mB_9i_out_remain.csv
     7      144 CALL           1     124  gdxdump or_report.1.6_mB_9i.gdx symb=remainrate CSVSetText format=csv header = "remainrate(iter)">> or_report.1.6_mB_9i_out_remainrate.csv


COMPILATION TIME     =        0.156 SECONDS      3 MB  28.2.0 r750fa45 WEX-WEI
GAMS 28.2.0  r750fa45 Released Aug 19, 2019 WEX-WEI x86 64bit/MS Windows - 06/07/20 19:54:58 Page 4
once_ver
Equation Listing    SOLVE demo_1 Using LP From line 102


---- node_io  =E=  I/O of each tube

node_io(a)..  x(a,b) + x(a,c) + x(a,d) + x(a,e) + x(a,f) + x(a,g) + x(a,h) + x(a,i) - 0.980392156862745*x(b,a) - 0.973709834469328*x(c,a) - 0.952380952380952*x(d,a) - 0.942507068803016*x(e,a) - 0.962000962000962*x(f,a) - 0.962000962000962*x(g,a)
     
      - 0.962000962000962*x(h,a) - 0.962000962000962*x(i,a) =E= 400 ; (LHS = 0, INFES = 400 ****)
     
node_io(b)..  - 0.96061479346782*x(a,b) + x(b,a) + x(b,c) + x(b,d) + x(b,e) + x(b,f) + x(b,g) + x(b,h) + x(b,i) - 0.965250965250965*x(c,b) - 0.943396226415094*x(d,b) - 0.945179584120983*x(e,b) - 0.953516090584029*x(f,b) - 0.953516090584029*x(g,b)
     
      - 0.953516090584029*x(h,b) - 0.953516090584029*x(i,b) =E= 0 ; (LHS = 0)
     
node_io(c)..  - 0.967117988394584*x(a,c) - 0.982318271119843*x(b,c) + x(c,a) + x(c,b) + x(c,d) + x(c,e) + x(c,f) + x(c,g) + x(c,h) + x(c,i) - 0.950570342205323*x(d,c) - 0.946073793755913*x(e,c) - 0.961307378034126*x(f,c) - 0.961307378034126*x(g,c)
     
      - 0.961307378034126*x(h,c) - 0.961307378034126*x(i,c) =E= 0 ; (LHS = 0)
     
REMAINING 6 ENTRIES SKIPPED


---- tube_max  =L=  maxflow of each tube

tube_max(a,a)..  x(a,a) =L= 0 ; (LHS = 0)
     
tube_max(a,b)..  x(a,b) =L= 140 ; (LHS = 0)
     
tube_max(a,c)..  x(a,c) =L= 170 ; (LHS = 0)
     
REMAINING 78 ENTRIES SKIPPED

GAMS 28.2.0  r750fa45 Released Aug 19, 2019 WEX-WEI x86 64bit/MS Windows - 06/07/20 19:54:58 Page 5
once_ver
Column Listing      SOLVE demo_1 Using LP From line 102


---- x  tube

x(a,a)
                (.LO, .L, .UP, .M = 0, 0, +INF, 0)
        1       tube_max(a,a)

x(a,b)
                (.LO, .L, .UP, .M = 0, 0, +INF, 0)
        1       node_io(a)
       -0.9606  node_io(b)
        1       tube_max(a,b)

x(a,c)
                (.LO, .L, .UP, .M = 0, 0, +INF, 0)
        1       node_io(a)
       -0.9671  node_io(c)
        1       tube_max(a,c)

REMAINING 78 ENTRIES SKIPPED

---- f  sum to solve

f
                (.LO, .L, .UP, .M = -INF, 0, +INF, 0)
        1       node_io(e)

GAMS 28.2.0  r750fa45 Released Aug 19, 2019 WEX-WEI x86 64bit/MS Windows - 06/07/20 19:54:58 Page 6
once_ver
Model Statistics    SOLVE demo_1 Using LP From line 102


MODEL STATISTICS

BLOCKS OF EQUATIONS           2     SINGLE EQUATIONS           90
BLOCKS OF VARIABLES           2     SINGLE VARIABLES           82
NON ZERO ELEMENTS           226


GENERATION TIME      =        0.000 SECONDS      4 MB  28.2.0 r750fa45 WEX-WEI


EXECUTION TIME       =        0.000 SECONDS      4 MB  28.2.0 r750fa45 WEX-WEI
GAMS 28.2.0  r750fa45 Released Aug 19, 2019 WEX-WEI x86 64bit/MS Windows - 06/07/20 19:54:58 Page 7
once_ver
Solution Report     SOLVE demo_1 Using LP From line 102


               S O L V E      S U M M A R Y

     MODEL   demo_1              OBJECTIVE  f
     TYPE    LP                  DIRECTION  MAXIMIZE
     SOLVER  CPLEX               FROM LINE  102

**** SOLVER STATUS     1 Normal Completion         
**** MODEL STATUS      1 Optimal                   
**** OBJECTIVE VALUE              375.5156

 RESOURCE USAGE, LIMIT          0.015      1000.000
 ITERATION COUNT, LIMIT         9    2000000000

IBM ILOG CPLEX   28.2.0 r750fa45 Released Aug 19, 2019 WEI x86 64bit/MS Window
Cplex 12.9.0.0

Space for names approximately 0.00 Mb
Use option 'names no' to turn use of names off
LP status(1): optimal
Cplex Time: 0.00sec (det. 0.14 ticks)
Optimal solution found.
Objective :         375.515590


---- EQU node_io  I/O of each tube

         LOWER          LEVEL          UPPER         MARGINAL

a       400.0000       400.0000       400.0000         0.9091      
b          .              .              .             0.9398      
c          .              .              .             0.9337      
d          .              .              .             0.9346      
e          .              .              .             1.0000      
f          .              .              .             0.9423      
g          .              .              .             0.9423      
h          .              .              .             0.9423      
i          .              .              .             0.9423      

---- EQU tube_max  maxflow of each tube

           LOWER          LEVEL          UPPER         MARGINAL

a.a        -INF             .              .              .          
a.b        -INF             .           140.0000          .          
a.c        -INF             .           170.0000          .          
a.d        -INF           97.6600       136.0000          .          
a.e        -INF          234.0000       234.0000         0.0497      
a.f        -INF             .           170.0000          .          
a.g        -INF           68.3400       170.0000          .          
a.h        -INF             .           170.0000          .          
a.i        -INF             .           170.0000          .          
b.a        -INF             .           124.0000          .          
b.b        -INF             .              .              .          
b.c        -INF             .           100.0000          .          
b.d        -INF             .           187.0000          .          
b.e        -INF             .           172.0000          .          
b.f        -INF             .           145.7500          .          
b.g        -INF             .           145.7500          .          
b.h        -INF             .           145.7500          .          
b.i        -INF             .           145.7500          .          
c.a        -INF             .           142.0000          .          
c.b        -INF             .           180.0000          .          
c.c        -INF             .              .              .          
c.d        -INF             .           100.0000          .          
c.e        -INF             .            86.0000          .          
c.f        -INF             .           127.0000          .          
c.g        -INF             .           127.0000          .          
c.h        -INF             .           127.0000          .          
c.i        -INF             .           127.0000          .          
d.a        -INF             .           173.0000          .          
d.b        -INF             .           126.0000          .          
d.c        -INF             .            60.0000          .          
d.d        -INF             .              .              .          
d.e        -INF           95.0000        95.0000         0.0026      
d.f        -INF             .           113.5000          .          
d.g        -INF             .           113.5000          .          
d.h        -INF             .           113.5000          .          
d.i        -INF             .           113.5000          .          
e.a        -INF             .            50.0000          .          
e.b        -INF             .            60.0000          .          
e.c        -INF             .            30.0000          .          
e.d        -INF             .            80.0000          .          
e.e        -INF             .              .              .          
e.f        -INF             .            55.0000          .          
e.g        -INF             .            55.0000          .          
e.h        -INF             .            55.0000          .          
e.i        -INF             .            55.0000          .          
f.a        -INF             .           122.2500          .          
f.b        -INF             .           126.5000          .          
f.c        -INF             .            90.0000          .          
f.d        -INF             .           125.7500          .          
f.e        -INF             .           146.7500          .          
f.f        -INF             .              .              .          
f.g        -INF             .           122.2500          .          
f.h        -INF             .           122.2500          .          
f.i        -INF             .           122.2500          .          
g.a        -INF             .           122.2500          .          
g.b        -INF             .           126.5000          .          
g.c        -INF             .            90.0000          .          
g.d        -INF             .           125.7500          .          
g.e        -INF           65.9334       146.7500          .          
g.f        -INF             .           122.2500          .          
g.g        -INF             .              .              .          
g.h        -INF             .           122.2500          .          
g.i        -INF             .           122.2500          .          
h.a        -INF             .           122.2500          .          
h.b        -INF             .           126.5000          .          
h.c        -INF             .            90.0000          .          
h.d        -INF             .           125.7500          .          
h.e        -INF             .           146.7500          .          
h.f        -INF             .           122.2500          .          
h.g        -INF             .           122.2500          .          
h.h        -INF             .              .              .          
h.i        -INF             .           122.2500          .          
i.a        -INF             .           122.2500          .          
i.b        -INF             .           126.5000          .          
i.c        -INF             .            90.0000          .          
i.d        -INF             .           125.7500          .          
i.e        -INF             .           146.7500          .          
i.f        -INF             .           122.2500          .          
i.g        -INF             .           122.2500          .          
i.h        -INF             .           122.2500          .          
i.i        -INF             .              .              .          

---- VAR x  tube

           LOWER          LEVEL          UPPER         MARGINAL

a.a          .              .            +INF            EPS         
a.b          .              .            +INF           -0.0063      
a.c          .              .            +INF           -0.0061      
a.d          .            97.6600        +INF             .          
a.e          .           234.0000        +INF             .          
a.f          .              .            +INF            EPS         
a.g          .            68.3400        +INF             .          
a.h          .              .            +INF            EPS         
a.i          .              .            +INF            EPS         
b.a          .              .            +INF           -0.0486      
b.b          .              .            +INF            EPS         
b.c          .              .            +INF           -0.0227      
b.d          .              .            +INF           -0.0421      
b.e          .              .            +INF             .          
b.f          .              .            +INF           -0.0301      
b.g          .              .            +INF           -0.0301      
b.h          .              .            +INF           -0.0301      
b.i          .              .            +INF           -0.0301      
c.a          .              .            +INF           -0.0485      
c.b          .              .            +INF           -0.0265      
c.c          .              .            +INF            EPS         
c.d          .              .            +INF           -0.0545      
c.e          .              .            +INF             .          
c.f          .              .            +INF           -0.0357      
c.g          .              .            +INF           -0.0357      
c.h          .              .            +INF           -0.0357      
c.i          .              .            +INF           -0.0357      
d.a          .              .            +INF           -0.0687      
d.b          .              .            +INF           -0.0479      
d.c          .              .            +INF           -0.0470      
d.d          .              .            +INF            EPS         
d.e          .            95.0000        +INF             .          
d.f          .              .            +INF           -0.0433      
d.g          .              .            +INF           -0.0433      
d.h          .              .            +INF           -0.0433      
d.i          .              .            +INF           -0.0433      
e.a          .              .            +INF           -0.1432      
e.b          .              .            +INF           -0.1117      
e.c          .              .            +INF           -0.1166      
e.d          .              .            +INF           -0.1363      
e.e          .              .            +INF            EPS         
e.f          .              .            +INF           -0.1148      
e.g          .              .            +INF           -0.1148      
e.h          .              .            +INF           -0.1148      
e.i          .              .            +INF           -0.1148      
f.a          .              .            +INF           -0.0677      
f.b          .              .            +INF           -0.0461      
f.c          .              .            +INF           -0.0447      
f.d          .              .            +INF           -0.0552      
f.e          .              .            +INF             .          
f.f          .              .            +INF            EPS         
f.g          .              .            +INF           -0.0437      
f.h          .              .            +INF           -0.0437      
f.i          .              .            +INF           -0.0437      
g.a          .              .            +INF           -0.0677      
g.b          .              .            +INF           -0.0461      
g.c          .              .            +INF           -0.0447      
g.d          .              .            +INF           -0.0552      
g.e          .            65.9334        +INF             .          
g.f          .              .            +INF           -0.0437      
g.g          .              .            +INF            EPS         
g.h          .              .            +INF           -0.0437      
g.i          .              .            +INF           -0.0437      
h.a          .              .            +INF           -0.0677      
h.b          .              .            +INF           -0.0461      
h.c          .              .            +INF           -0.0447      
h.d          .              .            +INF           -0.0552      
h.e          .              .            +INF             .          
h.f          .              .            +INF           -0.0437      
h.g          .              .            +INF           -0.0437      
h.h          .              .            +INF            EPS         
h.i          .              .            +INF           -0.0437      
i.a          .              .            +INF           -0.0677      
i.b          .              .            +INF           -0.0461      
i.c          .              .            +INF           -0.0447      
i.d          .              .            +INF           -0.0552      
i.e          .              .            +INF             .          
i.f          .              .            +INF           -0.0437      
i.g          .              .            +INF           -0.0437      
i.h          .              .            +INF           -0.0437      
i.i          .              .            +INF            EPS         

                           LOWER          LEVEL          UPPER         MARGINAL

---- VAR f                 -INF          375.5156        +INF             .          

  f  sum to solve


**** REPORT SUMMARY :        0     NONOPT
                             0 INFEASIBLE
                             0  UNBOUNDED
GAMS 28.2.0  r750fa45 Released Aug 19, 2019 WEX-WEI x86 64bit/MS Windows - 06/07/20 19:54:58 Page 8
once_ver
E x e c u t i o n


----    104 PARAMETER w_max                =      400.000  max I/O

----    111 PARAMETER cost_m1              =       24.484  from 1 to infeasible
            PARAMETER isfeasible_m1        =        1.000  record feasible state
            PARAMETER remain_m1            =      375.516  as title
            PARAMETER remainrate_m1        =        0.939  as title


EXECUTION TIME       =        0.000 SECONDS      3 MB  28.2.0 r750fa45 WEX-WEI


USER: GAMS Development Corporation, USA              G871201/0000CA-ANY
      Free Demo, +1 202-342-0180, support@gams.com, www.gams.com DC0000


**** FILE SUMMARY

Input      D:\Onedrive\Documents\GAMSStudio\or_report_1.6_model_B_multinode\9nodes\or_report_1.6_mB_9i.gms
Output     D:\Onedrive\Documents\GAMSStudio\or_report_1.6_model_B_multinode\9nodes\or_report_1.6_mB_9i.lst
